Jan 14 19:24:21 cu-cs-vm anacron[861]: Job `cron.daily' terminated
Jan 14 19:24:21 cu-cs-vm anacron[861]: Job `cron.monthly' started
Jan 14 19:24:21 cu-cs-vm anacron[861]: Job `cron.monthly' terminated
Jan 14 19:24:21 cu-cs-vm anacron[861]: Normal exit (2 jobs run)
Jan 14 19:24:21 cu-cs-vm anacron[3874]: Updated timestamp for job `cron.monthly' to 2015-01-14
Jan 14 19:36:23 cu-cs-vm kernel: [ 1960.631439] SGI XFS with ACLs, security attributes, realtime, large block/inode numbers, no debug enabled
Jan 14 19:36:23 cu-cs-vm kernel: [ 1960.686982] JFS: nTxBlock = 8192, nTxLock = 65536
Jan 14 19:36:23 cu-cs-vm kernel: [ 1960.710108] NTFS driver 2.1.30 [Flags: R/O MODULE].
Jan 14 19:36:23 cu-cs-vm kernel: [ 1960.740362] QNX4 filesystem 0.2.3 registered.
Jan 14 19:43:48 cu-cs-vm uptimed: moving up to position 2: 0 days, 00:40:06
Jan 14 20:17:01 cu-cs-vm CRON[10490]: (root) CMD (   cd / && run-parts --report /etc/cron.hourly)
Jan 14 19:24:03 cu-cs-vm rsyslogd: [origin software="rsyslogd" swVersion="7.4.4" x-pid="461" x-info="http://www.rsyslog.com"] rsyslogd was HUPed
Jan 14 20:17:33 cu-cs-vm rsyslogd: [origin software="rsyslogd" swVersion="7.4.4" x-pid="461" x-info="http://www.rsyslog.com"] exiting on signal 15.
Jan 14 20:18:08 cu-cs-vm rsyslogd: [origin software="rsyslogd" swVersion="7.4.4" x-pid="466" x-info="http://www.rsyslog.com"] start
Jan 14 20:18:08 cu-cs-vm rsyslogd: rsyslogd's groupid changed to 104
Jan 14 20:18:08 cu-cs-vm rsyslogd: rsyslogd's userid changed to 101
Jan 14 20:18:08 cu-cs-vm kernel: [    0.000000] Initializing cgroup subsys cpuset
Jan 14 20:18:08 cu-cs-vm kernel: [    0.000000] Initializing cgroup subsys cpu
Jan 14 20:18:08 cu-cs-vm kernel: [    0.000000] Initializing cgroup subsys cpuacct
Jan 14 20:18:08 cu-cs-vm kernel: [    0.000000] Linux version 3.13.11-ckt12man-cleavage (root@cu-cs-vm) (gcc version 4.8.2 (Ubuntu 4.8.2-19ubuntu1) ) #1 SMP Wed Jan 14 20:02:16 MST 2015 (Ubuntu 3.13.0-44.73-generic 3.13.11-ckt12)
Jan 14 20:18:08 cu-cs-vm kernel: [    0.000000] Command line: BOOT_IMAGE=/@/boot/vmlinuz-3.13.11-ckt12man-cleavage root=UUID=4d4d4956-efb6-4c5c-9455-e11d9e4726c6 ro rootflags=subvol=@ crashkernel=384M-:128M
Jan 14 20:18:08 cu-cs-vm kernel: [    0.000000] KERNEL supported cpus:
Jan 14 20:18:08 cu-cs-vm kernel: [    0.000000]   Intel GenuineIntel
Jan 14 20:18:08 cu-cs-vm kernel: [    0.000000]   AMD AuthenticAMD
Jan 14 20:18:08 cu-cs-vm kernel: [    0.000000]   Centaur CentaurHauls
Jan 14 20:18:08 cu-cs-vm kernel: [    0.000000] e820: BIOS-provided physical RAM map:
Jan 14 20:18:08 cu-cs-vm kernel: [    0.000000] BIOS-e820: [mem 0x0000000000000000-0x000000000009fbff] usable
Jan 14 20:18:08 cu-cs-vm kernel: [    0.000000] BIOS-e820: [mem 0x000000000009fc00-0x000000000009ffff] reserved
Jan 14 20:18:08 cu-cs-vm kernel: [    0.000000] BIOS-e820: [mem 0x00000000000f0000-0x00000000000fffff] reserved
Jan 14 20:18:08 cu-cs-vm kernel: [    0.000000] BIOS-e820: [mem 0x0000000000100000-0x000000007ffeffff] usable
Jan 14 20:18:08 cu-cs-vm kernel: [    0.000000] BIOS-e820: [mem 0x000000007fff0000-0x000000007fffffff] ACPI data
Jan 14 20:18:08 cu-cs-vm kernel: [    0.000000] BIOS-e820: [mem 0x00000000fffc0000-0x00000000ffffffff] reserved
Jan 14 20:18:08 cu-cs-vm kernel: [    0.000000] NX (Execute Disable) protection: active
Jan 14 20:18:08 cu-cs-vm kernel: [    0.000000] SMBIOS 2.5 present.
Jan 14 20:18:08 cu-cs-vm kernel: [    0.000000] DMI: innotek GmbH VirtualBox/VirtualBox, BIOS VirtualBox 12/01/2006
Jan 14 20:18:08 cu-cs-vm kernel: [    0.000000] e820: update [mem 0x00000000-0x00000fff] usable ==> reserved
Jan 14 20:18:08 cu-cs-vm kernel: [    0.000000] e820: remove [mem 0x000a0000-0x000fffff] usable
Jan 14 20:18:08 cu-cs-vm kernel: [    0.000000] No AGP bridge found
Jan 14 20:18:08 cu-cs-vm kernel: [    0.000000] e820: last_pfn = 0x7fff0 max_arch_pfn = 0x400000000
Jan 14 20:18:08 cu-cs-vm kernel: [    0.000000] MTRR default type: uncachable
Jan 14 20:18:08 cu-cs-vm kernel: [    0.000000] MTRR variable ranges disabled:
Jan 14 20:18:08 cu-cs-vm kernel: [    0.000000] x86 PAT enabled: cpu 0, old 0x7040600070406, new 0x7010600070106
Jan 14 20:18:08 cu-cs-vm kernel: [    0.000000] CPU MTRRs all blank - virtualized system.
Jan 14 20:18:08 cu-cs-vm kernel: [    0.000000] found SMP MP-table at [mem 0x0009fff0-0x0009ffff] mapped at [ffff88000009fff0]
Jan 14 20:18:08 cu-cs-vm kernel: [    0.000000] Scanning 1 areas for low memory corruption
Jan 14 20:18:08 cu-cs-vm kernel: [    0.000000] Base memory trampoline at [ffff880000099000] 99000 size 24576
Jan 14 20:18:08 cu-cs-vm kernel: [    0.000000] init_memory_mapping: [mem 0x00000000-0x000fffff]
Jan 14 20:18:08 cu-cs-vm kernel: [    0.000000]  [mem 0x00000000-0x000fffff] page 4k
Jan 14 20:18:08 cu-cs-vm kernel: [    0.000000] BRK [0x01fdb000, 0x01fdbfff] PGTABLE
Jan 14 20:18:08 cu-cs-vm kernel: [    0.000000] BRK [0x01fdc000, 0x01fdcfff] PGTABLE
Jan 14 20:18:08 cu-cs-vm kernel: [    0.000000] BRK [0x01fdd000, 0x01fddfff] PGTABLE
Jan 14 20:18:08 cu-cs-vm kernel: [    0.000000] init_memory_mapping: [mem 0x7fc00000-0x7fdfffff]
Jan 14 20:18:08 cu-cs-vm kernel: [    0.000000]  [mem 0x7fc00000-0x7fdfffff] page 2M
Jan 14 20:18:08 cu-cs-vm kernel: [    0.000000] BRK [0x01fde000, 0x01fdefff] PGTABLE
Jan 14 20:18:08 cu-cs-vm kernel: [    0.000000] init_memory_mapping: [mem 0x7c000000-0x7fbfffff]
Jan 14 20:18:08 cu-cs-vm kernel: [    0.000000]  [mem 0x7c000000-0x7fbfffff] page 2M
Jan 14 20:18:08 cu-cs-vm kernel: [    0.000000] init_memory_mapping: [mem 0x00100000-0x7bffffff]
Jan 14 20:18:08 cu-cs-vm kernel: [    0.000000]  [mem 0x00100000-0x001fffff] page 4k
Jan 14 20:18:08 cu-cs-vm kernel: [    0.000000]  [mem 0x00200000-0x7bffffff] page 2M
Jan 14 20:18:08 cu-cs-vm kernel: [    0.000000] init_memory_mapping: [mem 0x7fe00000-0x7ffeffff]
Jan 14 20:18:08 cu-cs-vm kernel: [    0.000000]  [mem 0x7fe00000-0x7ffeffff] page 4k
Jan 14 20:18:08 cu-cs-vm kernel: [    0.000000] BRK [0x01fdf000, 0x01fdffff] PGTABLE
Jan 14 20:18:08 cu-cs-vm kernel: [    0.000000] RAMDISK: [mem 0x35b92000-0x36dc0fff]
Jan 14 20:18:08 cu-cs-vm kernel: [    0.000000] ACPI: RSDP 00000000000e0000 000024 (v02 VBOX  )
Jan 14 20:18:08 cu-cs-vm kernel: [    0.000000] ACPI: XSDT 000000007fff0040 00004C (v01 VBOX   VBOXXSDT 00000001 ASL  00000061)
Jan 14 20:18:08 cu-cs-vm kernel: [    0.000000] ACPI: FACP 000000007fff0110 0000F4 (v04 VBOX   VBOXFACP 00000001 ASL  00000061)
Jan 14 20:18:08 cu-cs-vm kernel: [    0.000000] ACPI: DSDT 000000007fff0530 001B96 (v01 VBOX   VBOXBIOS 00000002 INTL 20100528)
Jan 14 20:18:08 cu-cs-vm kernel: [    0.000000] ACPI: FACS 000000007fff0240 000040
Jan 14 20:18:08 cu-cs-vm kernel: [    0.000000] ACPI: APIC 000000007fff0280 00005C (v02 VBOX   VBOXAPIC 00000001 ASL  00000061)
Jan 14 20:18:08 cu-cs-vm kernel: [    0.000000] ACPI: HPET 000000007fff02e0 000038 (v01 VBOX   VBOXHPET 00000001 ASL  00000061)
Jan 14 20:18:08 cu-cs-vm kernel: [    0.000000] ACPI: MCFG 000000007fff0320 00003C (v01 VBOX   VBOXMCFG 00000001 ASL  00000061)
Jan 14 20:18:08 cu-cs-vm kernel: [    0.000000] ACPI: SSDT 000000007fff0360 0001CC (v01 VBOX   VBOXCPUT 00000002 INTL 20100528)
Jan 14 20:18:08 cu-cs-vm kernel: [    0.000000] ACPI: Local APIC address 0xfee00000
Jan 14 20:18:08 cu-cs-vm kernel: [    0.000000] No NUMA configuration found
Jan 14 20:18:08 cu-cs-vm kernel: [    0.000000] Faking a node at [mem 0x0000000000000000-0x000000007ffeffff]
Jan 14 20:18:08 cu-cs-vm kernel: [    0.000000] Initmem setup node 0 [mem 0x00000000-0x7ffeffff]
Jan 14 20:18:08 cu-cs-vm kernel: [    0.000000]   NODE_DATA [mem 0x7ffeb000-0x7ffeffff]
Jan 14 20:18:08 cu-cs-vm kernel: [    0.000000] Reserving 128MB of memory at 720MB for crashkernel (System RAM: 2047MB)
Jan 14 20:18:08 cu-cs-vm kernel: [    0.000000]  [ffffea0000000000-ffffea0001ffffff] PMD -> [ffff88007d600000-ffff88007f5fffff] on node 0
Jan 14 20:18:08 cu-cs-vm kernel: [    0.000000] Zone ranges:
Jan 14 20:18:08 cu-cs-vm kernel: [    0.000000]   DMA      [mem 0x00001000-0x00ffffff]
Jan 14 20:18:08 cu-cs-vm kernel: [    0.000000]   DMA32    [mem 0x01000000-0xffffffff]
Jan 14 20:18:08 cu-cs-vm kernel: [    0.000000]   Normal   empty
Jan 14 20:18:08 cu-cs-vm kernel: [    0.000000] Movable zone start for each node
Jan 14 20:18:08 cu-cs-vm kernel: [    0.000000] Early memory node ranges
Jan 14 20:18:08 cu-cs-vm kernel: [    0.000000]   node   0: [mem 0x00001000-0x0009efff]
Jan 14 20:18:08 cu-cs-vm kernel: [    0.000000]   node   0: [mem 0x00100000-0x7ffeffff]
Jan 14 20:18:08 cu-cs-vm kernel: [    0.000000] On node 0 totalpages: 524174
Jan 14 20:18:08 cu-cs-vm kernel: [    0.000000]   DMA zone: 64 pages used for memmap
Jan 14 20:18:08 cu-cs-vm kernel: [    0.000000]   DMA zone: 21 pages reserved
Jan 14 20:18:08 cu-cs-vm kernel: [    0.000000]   DMA zone: 3998 pages, LIFO batch:0
Jan 14 20:18:08 cu-cs-vm kernel: [    0.000000]   DMA32 zone: 8128 pages used for memmap
Jan 14 20:18:08 cu-cs-vm kernel: [    0.000000]   DMA32 zone: 520176 pages, LIFO batch:31
Jan 14 20:18:08 cu-cs-vm kernel: [    0.000000] ACPI: PM-Timer IO Port: 0x4008
Jan 14 20:18:08 cu-cs-vm kernel: [    0.000000] ACPI: Local APIC address 0xfee00000
Jan 14 20:18:08 cu-cs-vm kernel: [    0.000000] ACPI: LAPIC (acpi_id[0x00] lapic_id[0x00] enabled)
Jan 14 20:18:08 cu-cs-vm kernel: [    0.000000] ACPI: LAPIC (acpi_id[0x01] lapic_id[0x01] enabled)
Jan 14 20:18:08 cu-cs-vm kernel: [    0.000000] ACPI: IOAPIC (id[0x02] address[0xfec00000] gsi_base[0])
Jan 14 20:18:08 cu-cs-vm kernel: [    0.000000] IOAPIC[0]: apic_id 2, version 17, address 0xfec00000, GSI 0-23
Jan 14 20:18:08 cu-cs-vm kernel: [    0.000000] ACPI: INT_SRC_OVR (bus 0 bus_irq 0 global_irq 2 dfl dfl)
Jan 14 20:18:08 cu-cs-vm kernel: [    0.000000] ACPI: INT_SRC_OVR (bus 0 bus_irq 9 global_irq 9 high level)
Jan 14 20:18:08 cu-cs-vm kernel: [    0.000000] ACPI: IRQ0 used by override.
Jan 14 20:18:08 cu-cs-vm kernel: [    0.000000] ACPI: IRQ2 used by override.
Jan 14 20:18:08 cu-cs-vm kernel: [    0.000000] ACPI: IRQ9 used by override.
Jan 14 20:18:08 cu-cs-vm kernel: [    0.000000] Using ACPI (MADT) for SMP configuration information
Jan 14 20:18:08 cu-cs-vm kernel: [    0.000000] ACPI: HPET id: 0x8086a201 base: 0xfed00000
Jan 14 20:18:08 cu-cs-vm kernel: [    0.000000] smpboot: Allowing 2 CPUs, 0 hotplug CPUs
Jan 14 20:18:08 cu-cs-vm kernel: [    0.000000] nr_irqs_gsi: 40
Jan 14 20:18:08 cu-cs-vm kernel: [    0.000000] PM: Registered nosave memory: [mem 0x0009f000-0x0009ffff]
Jan 14 20:18:08 cu-cs-vm kernel: [    0.000000] PM: Registered nosave memory: [mem 0x000a0000-0x000effff]
Jan 14 20:18:08 cu-cs-vm kernel: [    0.000000] PM: Registered nosave memory: [mem 0x000f0000-0x000fffff]
Jan 14 20:18:08 cu-cs-vm kernel: [    0.000000] e820: [mem 0x80000000-0xfffbffff] available for PCI devices
Jan 14 20:18:08 cu-cs-vm kernel: [    0.000000] Booting paravirtualized kernel on bare hardware
Jan 14 20:18:08 cu-cs-vm kernel: [    0.000000] setup_percpu: NR_CPUS:256 nr_cpumask_bits:256 nr_cpu_ids:2 nr_node_ids:1
Jan 14 20:18:08 cu-cs-vm kernel: [    0.000000] PERCPU: Embedded 28 pages/cpu @ffff88007fc00000 s82240 r8192 d24256 u1048576
Jan 14 20:18:08 cu-cs-vm kernel: [    0.000000] pcpu-alloc: s82240 r8192 d24256 u1048576 alloc=1*2097152
Jan 14 20:18:08 cu-cs-vm kernel: [    0.000000] pcpu-alloc: [0] 0 1 
Jan 14 20:18:08 cu-cs-vm kernel: [    0.000000] Built 1 zonelists in Node order, mobility grouping on.  Total pages: 515961
Jan 14 20:18:08 cu-cs-vm kernel: [    0.000000] Policy zone: DMA32
Jan 14 20:18:08 cu-cs-vm kernel: [    0.000000] Kernel command line: BOOT_IMAGE=/@/boot/vmlinuz-3.13.11-ckt12man-cleavage root=UUID=4d4d4956-efb6-4c5c-9455-e11d9e4726c6 ro rootflags=subvol=@ crashkernel=384M-:128M
Jan 14 20:18:08 cu-cs-vm kernel: [    0.000000] PID hash table entries: 4096 (order: 3, 32768 bytes)
Jan 14 20:18:08 cu-cs-vm kernel: [    0.000000] Checking aperture...
Jan 14 20:18:08 cu-cs-vm kernel: [    0.000000] No AGP bridge found
Jan 14 20:18:08 cu-cs-vm kernel: [    0.000000] Calgary: detecting Calgary via BIOS EBDA area
Jan 14 20:18:08 cu-cs-vm kernel: [    0.000000] Calgary: Unable to locate Rio Grande table in EBDA - bailing!
Jan 14 20:18:08 cu-cs-vm kernel: [    0.000000] Memory: 1897396K/2096696K available (7235K kernel code, 1129K rwdata, 3296K rodata, 1332K init, 1444K bss, 199300K reserved)
Jan 14 20:18:08 cu-cs-vm kernel: [    0.000000] SLUB: HWalign=64, Order=0-3, MinObjects=0, CPUs=2, Nodes=1
Jan 14 20:18:08 cu-cs-vm kernel: [    0.000000] Hierarchical RCU implementation.
Jan 14 20:18:08 cu-cs-vm kernel: [    0.000000] 	RCU dyntick-idle grace-period acceleration is enabled.
Jan 14 20:18:08 cu-cs-vm kernel: [    0.000000] 	RCU restricting CPUs from NR_CPUS=256 to nr_cpu_ids=2.
Jan 14 20:18:08 cu-cs-vm kernel: [    0.000000] 	Offload RCU callbacks from all CPUs
Jan 14 20:18:08 cu-cs-vm kernel: [    0.000000] 	Offload RCU callbacks from CPUs: 0-1.
Jan 14 20:18:08 cu-cs-vm kernel: [    0.000000] NR_IRQS:16640 nr_irqs:512 16
Jan 14 20:18:08 cu-cs-vm kernel: [    0.000000] Console: colour dummy device 80x25
Jan 14 20:18:08 cu-cs-vm kernel: [    0.000000] console [tty0] enabled
Jan 14 20:18:08 cu-cs-vm kernel: [    0.000000] allocated 8388608 bytes of page_cgroup
Jan 14 20:18:08 cu-cs-vm kernel: [    0.000000] please try 'cgroup_disable=memory' option if you don't want memory cgroups
Jan 14 20:18:08 cu-cs-vm kernel: [    0.000000] hpet clockevent registered
Jan 14 20:18:08 cu-cs-vm kernel: [    0.000000] tsc: Fast TSC calibration failed
Jan 14 20:18:08 cu-cs-vm kernel: [    0.000000] tsc: Unable to calibrate against PIT
Jan 14 20:18:08 cu-cs-vm kernel: [    0.000000] tsc: using HPET reference calibration
Jan 14 20:18:08 cu-cs-vm kernel: [    0.000000] tsc: Detected 2242.479 MHz processor
Jan 14 20:18:08 cu-cs-vm kernel: [    0.016006] Calibrating delay loop (skipped), value calculated using timer frequency.. 4484.95 BogoMIPS (lpj=8969916)
Jan 14 20:18:08 cu-cs-vm kernel: [    0.016012] pid_max: default: 32768 minimum: 301
Jan 14 20:18:08 cu-cs-vm kernel: [    0.016041] Security Framework initialized
Jan 14 20:18:08 cu-cs-vm kernel: [    0.016059] AppArmor: AppArmor initialized
Jan 14 20:18:08 cu-cs-vm kernel: [    0.016063] Yama: becoming mindful.
Jan 14 20:18:08 cu-cs-vm kernel: [    0.016193] Dentry cache hash table entries: 262144 (order: 9, 2097152 bytes)
Jan 14 20:18:08 cu-cs-vm kernel: [    0.020283] Inode-cache hash table entries: 131072 (order: 8, 1048576 bytes)
Jan 14 20:18:08 cu-cs-vm kernel: [    0.020400] Mount-cache hash table entries: 4096 (order: 3, 32768 bytes)
Jan 14 20:18:08 cu-cs-vm kernel: [    0.020406] Mountpoint-cache hash table entries: 4096 (order: 3, 32768 bytes)
Jan 14 20:18:08 cu-cs-vm kernel: [    0.020600] Initializing cgroup subsys memory
Jan 14 20:18:08 cu-cs-vm kernel: [    0.020607] Initializing cgroup subsys devices
Jan 14 20:18:08 cu-cs-vm kernel: [    0.020612] Initializing cgroup subsys freezer
Jan 14 20:18:08 cu-cs-vm kernel: [    0.020616] Initializing cgroup subsys blkio
Jan 14 20:18:08 cu-cs-vm kernel: [    0.020620] Initializing cgroup subsys perf_event
Jan 14 20:18:08 cu-cs-vm kernel: [    0.020624] Initializing cgroup subsys hugetlb
Jan 14 20:18:08 cu-cs-vm kernel: [    0.020726] CPU: Physical Processor ID: 0
Jan 14 20:18:08 cu-cs-vm kernel: [    0.020731] CPU: Processor Core ID: 0
Jan 14 20:18:08 cu-cs-vm kernel: [    0.020738] mce: CPU supports 0 MCE banks
Jan 14 20:18:08 cu-cs-vm kernel: [    0.020768] Last level iTLB entries: 4KB 0, 2MB 0, 4MB 0
Jan 14 20:18:08 cu-cs-vm kernel: [    0.020768] Last level dTLB entries: 4KB 64, 2MB 0, 4MB 0
Jan 14 20:18:08 cu-cs-vm kernel: [    0.020768] tlb_flushall_shift: 6
Jan 14 20:18:08 cu-cs-vm kernel: [    0.020943] Freeing SMP alternatives memory: 28K (ffffffff81e69000 - ffffffff81e70000)
Jan 14 20:18:08 cu-cs-vm kernel: [    0.027958] ACPI: Core revision 20131115
Jan 14 20:18:08 cu-cs-vm kernel: [    0.028591] ACPI: All ACPI Tables successfully acquired
Jan 14 20:18:08 cu-cs-vm kernel: [    0.028623] ftrace: allocating 27967 entries in 110 pages
Jan 14 20:18:08 cu-cs-vm kernel: [    0.044347] ..TIMER: vector=0x30 apic1=0 pin1=2 apic2=-1 pin2=-1
Jan 14 20:18:08 cu-cs-vm kernel: [    0.085650] smpboot: CPU0: Intel(R) Core(TM) i7-4700MQ CPU @ 2.40GHz (fam: 06, model: 3c, stepping: 03)
Jan 14 20:18:08 cu-cs-vm kernel: [    0.088000] APIC calibration not consistent with PM-Timer: 96ms instead of 100ms
Jan 14 20:18:08 cu-cs-vm kernel: [    0.088000] APIC delta adjusted to PM-Timer: 6249982 (6050237)
Jan 14 20:18:08 cu-cs-vm kernel: [    0.088000] Performance Events: unsupported p6 CPU model 60 no PMU driver, software events only.
Jan 14 20:18:08 cu-cs-vm kernel: [    0.088000] x86: Booting SMP configuration:
Jan 14 20:18:08 cu-cs-vm kernel: [    0.097540] NMI watchdog: disabled (cpu0): hardware events not enabled
Jan 14 20:18:08 cu-cs-vm kernel: [    0.088000] mce: CPU supports 0 MCE banks
Jan 14 20:18:08 cu-cs-vm kernel: [    0.088000] .... node  #0, CPUs:      #1
Jan 14 20:18:08 cu-cs-vm kernel: [    0.099824] TSC synchronization [CPU#0 -> CPU#1]:
Jan 14 20:18:08 cu-cs-vm kernel: [    0.099829] Measured 40303 cycles TSC warp between CPUs, turning off TSC clock.
Jan 14 20:18:08 cu-cs-vm kernel: [    0.099833] tsc: Marking TSC unstable due to check_tsc_sync_source failed
Jan 14 20:18:08 cu-cs-vm kernel: [    0.099887] x86: Booted up 1 node, 2 CPUs
Jan 14 20:18:08 cu-cs-vm kernel: [    0.099891] smpboot: Total of 2 processors activated (8969.91 BogoMIPS)
Jan 14 20:18:08 cu-cs-vm kernel: [    0.100528] devtmpfs: initialized
Jan 14 20:18:08 cu-cs-vm kernel: [    0.101384] EVM: security.selinux
Jan 14 20:18:08 cu-cs-vm kernel: [    0.101388] EVM: security.SMACK64
Jan 14 20:18:08 cu-cs-vm kernel: [    0.101391] EVM: security.ima
Jan 14 20:18:08 cu-cs-vm kernel: [    0.101394] EVM: security.capability
Jan 14 20:18:08 cu-cs-vm kernel: [    0.101464] pinctrl core: initialized pinctrl subsystem
Jan 14 20:18:08 cu-cs-vm kernel: [    0.101464] regulator-dummy: no parameters
Jan 14 20:18:08 cu-cs-vm kernel: [    0.101464] RTC time:  3:18:04, date: 01/15/15
Jan 14 20:18:08 cu-cs-vm kernel: [    0.101464] NET: Registered protocol family 16
Jan 14 20:18:08 cu-cs-vm kernel: [    0.101464] cpuidle: using governor ladder
Jan 14 20:18:08 cu-cs-vm kernel: [    0.101464] cpuidle: using governor menu
Jan 14 20:18:08 cu-cs-vm kernel: [    0.101464] ACPI: bus type PCI registered
Jan 14 20:18:08 cu-cs-vm kernel: [    0.101464] acpiphp: ACPI Hot Plug PCI Controller Driver version: 0.5
Jan 14 20:18:08 cu-cs-vm kernel: [    0.101464] PCI: MMCONFIG for domain 0000 [bus 00-3f] at [mem 0xdc000000-0xdfffffff] (base 0xdc000000)
Jan 14 20:18:08 cu-cs-vm kernel: [    0.101464] PCI: not using MMCONFIG
Jan 14 20:18:08 cu-cs-vm kernel: [    0.101464] PCI: Using configuration type 1 for base access
Jan 14 20:18:08 cu-cs-vm kernel: [    0.104146] bio: create slab <bio-0> at 0
Jan 14 20:18:08 cu-cs-vm kernel: [    0.104146] ACPI: Added _OSI(Module Device)
Jan 14 20:18:08 cu-cs-vm kernel: [    0.104146] ACPI: Added _OSI(Processor Device)
Jan 14 20:18:08 cu-cs-vm kernel: [    0.104146] ACPI: Added _OSI(3.0 _SCP Extensions)
Jan 14 20:18:08 cu-cs-vm kernel: [    0.104146] ACPI: Added _OSI(Processor Aggregator Device)
Jan 14 20:18:08 cu-cs-vm kernel: [    0.104577] ACPI: Executed 1 blocks of module-level executable AML code
Jan 14 20:18:08 cu-cs-vm kernel: [    0.106329] ACPI: Interpreter enabled
Jan 14 20:18:08 cu-cs-vm kernel: [    0.106336] ACPI Exception: AE_NOT_FOUND, While evaluating Sleep State [\_S1_] (20131115/hwxface-580)
Jan 14 20:18:08 cu-cs-vm kernel: [    0.106342] ACPI Exception: AE_NOT_FOUND, While evaluating Sleep State [\_S2_] (20131115/hwxface-580)
Jan 14 20:18:08 cu-cs-vm kernel: [    0.106348] ACPI Exception: AE_NOT_FOUND, While evaluating Sleep State [\_S3_] (20131115/hwxface-580)
Jan 14 20:18:08 cu-cs-vm kernel: [    0.106353] ACPI Exception: AE_NOT_FOUND, While evaluating Sleep State [\_S4_] (20131115/hwxface-580)
Jan 14 20:18:08 cu-cs-vm kernel: [    0.106360] ACPI: (supports S0 S5)
Jan 14 20:18:08 cu-cs-vm kernel: [    0.106363] ACPI: Using IOAPIC for interrupt routing
Jan 14 20:18:08 cu-cs-vm kernel: [    0.106497] PCI: MMCONFIG for domain 0000 [bus 00-3f] at [mem 0xdc000000-0xdfffffff] (base 0xdc000000)
Jan 14 20:18:08 cu-cs-vm kernel: [    0.106623] PCI: MMCONFIG at [mem 0xdc000000-0xdfffffff] reserved in ACPI motherboard resources
Jan 14 20:18:08 cu-cs-vm kernel: [    0.106623] PCI: Ignoring host bridge windows from ACPI; if necessary, use "pci=use_crs" and report a bug
Jan 14 20:18:08 cu-cs-vm kernel: [    0.106623] ACPI: No dock devices found.
Jan 14 20:18:08 cu-cs-vm kernel: [    0.106822] ACPI: PCI Root Bridge [PCI0] (domain 0000 [bus 00-ff])
Jan 14 20:18:08 cu-cs-vm kernel: [    0.106829] acpi PNP0A03:00: _OSC: OS supports [ExtendedConfig ASPM ClockPM Segments MSI]
Jan 14 20:18:08 cu-cs-vm kernel: [    0.106836] acpi PNP0A03:00: _OSC failed (AE_NOT_FOUND); disabling ASPM
Jan 14 20:18:08 cu-cs-vm kernel: [    0.106892] acpi PNP0A03:00: host bridge window [io  0x0000-0x0cf7] (ignored)
Jan 14 20:18:08 cu-cs-vm kernel: [    0.106895] acpi PNP0A03:00: host bridge window [io  0x0d00-0xffff] (ignored)
Jan 14 20:18:08 cu-cs-vm kernel: [    0.106899] acpi PNP0A03:00: host bridge window [mem 0x000a0000-0x000bffff] (ignored)
Jan 14 20:18:08 cu-cs-vm kernel: [    0.106902] acpi PNP0A03:00: host bridge window [mem 0x80000000-0xffdfffff] (ignored)
Jan 14 20:18:08 cu-cs-vm kernel: [    0.106905] PCI: root bus 00: using default resources
Jan 14 20:18:08 cu-cs-vm kernel: [    0.106909] acpi PNP0A03:00: [Firmware Info]: MMCONFIG for domain 0000 [bus 00-3f] only partially covers this bridge
Jan 14 20:18:08 cu-cs-vm kernel: [    0.107049] PCI host bridge to bus 0000:00
Jan 14 20:18:08 cu-cs-vm kernel: [    0.107054] pci_bus 0000:00: root bus resource [bus 00-ff]
Jan 14 20:18:08 cu-cs-vm kernel: [    0.107058] pci_bus 0000:00: root bus resource [io  0x0000-0xffff]
Jan 14 20:18:08 cu-cs-vm kernel: [    0.107062] pci_bus 0000:00: root bus resource [mem 0x00000000-0x7fffffffff]
Jan 14 20:18:08 cu-cs-vm kernel: [    0.107105] pci 0000:00:02.0: [80ee:beef] type 00 class 0x030000
Jan 14 20:18:08 cu-cs-vm kernel: [    0.108601] pci 0000:00:02.0: reg 0x10: [mem 0xe0000000-0xe1ffffff pref]
Jan 14 20:18:08 cu-cs-vm kernel: [    0.125318] pci 0000:00:03.0: [8086:100e] type 00 class 0x020000
Jan 14 20:18:08 cu-cs-vm kernel: [    0.126561] pci 0000:00:03.0: reg 0x10: [mem 0xf0000000-0xf001ffff]
Jan 14 20:18:08 cu-cs-vm kernel: [    0.126561] pci 0000:00:03.0: reg 0x18: [io  0xd000-0xd007]
Jan 14 20:18:08 cu-cs-vm kernel: [    0.129485] pci 0000:00:04.0: [80ee:cafe] type 00 class 0x088000
Jan 14 20:18:08 cu-cs-vm kernel: [    0.130478] pci 0000:00:04.0: reg 0x10: [io  0xd020-0xd03f]
Jan 14 20:18:08 cu-cs-vm kernel: [    0.131473] pci 0000:00:04.0: reg 0x14: [mem 0xf0400000-0xf07fffff]
Jan 14 20:18:08 cu-cs-vm kernel: [    0.136230] pci 0000:00:04.0: reg 0x18: [mem 0xf0800000-0xf0803fff pref]
Jan 14 20:18:08 cu-cs-vm kernel: [    0.137312] pci 0000:00:05.0: [8086:2415] type 00 class 0x040100
Jan 14 20:18:08 cu-cs-vm kernel: [    0.137402] pci 0000:00:05.0: reg 0x10: [io  0xd100-0xd1ff]
Jan 14 20:18:08 cu-cs-vm kernel: [    0.137461] pci 0000:00:05.0: reg 0x14: [io  0xd200-0xd23f]
Jan 14 20:18:08 cu-cs-vm kernel: [    0.137914] pci 0000:00:07.0: [8086:7113] type 00 class 0x068000
Jan 14 20:18:08 cu-cs-vm kernel: [    0.138613] pci 0000:00:18.0: [8086:2448] type 01 class 0x060401
Jan 14 20:18:08 cu-cs-vm kernel: [    0.138948] pci 0000:00:19.0: [8086:2448] type 01 class 0x060401
Jan 14 20:18:08 cu-cs-vm kernel: [    0.139281] pci 0000:00:1f.0: [8086:27b9] type 00 class 0x060100
Jan 14 20:18:08 cu-cs-vm kernel: [    0.139677] pci 0000:00:1f.0: quirk: [io  0x8000-0x807f] claimed by ICH6 ACPI/GPIO/TCO
Jan 14 20:18:08 cu-cs-vm kernel: [    0.140055] pci 0000:00:1f.2: [8086:2829] type 00 class 0x010601
Jan 14 20:18:08 cu-cs-vm kernel: [    0.141139] pci 0000:00:1f.2: reg 0x10: [io  0xe000-0xe007]
Jan 14 20:18:08 cu-cs-vm kernel: [    0.141924] pci 0000:00:1f.2: reg 0x14: [io  0xe008-0xe00b]
Jan 14 20:18:08 cu-cs-vm kernel: [    0.143122] pci 0000:00:1f.2: reg 0x18: [io  0xe010-0xe017]
Jan 14 20:18:08 cu-cs-vm kernel: [    0.144145] pci 0000:00:1f.2: reg 0x1c: [io  0xe018-0xe01b]
Jan 14 20:18:08 cu-cs-vm kernel: [    0.145145] pci 0000:00:1f.2: reg 0x20: [io  0xe020-0xe02f]
Jan 14 20:18:08 cu-cs-vm kernel: [    0.146137] pci 0000:00:1f.2: reg 0x24: [mem 0xf0900000-0xf0901fff]
Jan 14 20:18:08 cu-cs-vm kernel: [    0.148031] pci 0000:00:1f.4: [106b:003f] type 00 class 0x0c0310
Jan 14 20:18:08 cu-cs-vm kernel: [    0.149045] pci 0000:00:1f.4: reg 0x10: [mem 0xf0902000-0xf0902fff]
Jan 14 20:18:08 cu-cs-vm kernel: [    0.154423] pci 0000:00:18.0: PCI bridge to [bus 01] (subtractive decode)
Jan 14 20:18:08 cu-cs-vm kernel: [    0.154478] pci 0000:00:18.0:   bridge window [io  0x0000-0xffff] (subtractive decode)
Jan 14 20:18:08 cu-cs-vm kernel: [    0.154481] pci 0000:00:18.0:   bridge window [mem 0x00000000-0x7fffffffff] (subtractive decode)
Jan 14 20:18:08 cu-cs-vm kernel: [    0.154772] pci 0000:00:19.0: PCI bridge to [bus 02] (subtractive decode)
Jan 14 20:18:08 cu-cs-vm kernel: [    0.154815] pci 0000:00:19.0:   bridge window [io  0x0000-0xffff] (subtractive decode)
Jan 14 20:18:08 cu-cs-vm kernel: [    0.154818] pci 0000:00:19.0:   bridge window [mem 0x00000000-0x7fffffffff] (subtractive decode)
Jan 14 20:18:08 cu-cs-vm kernel: [    0.155511] ACPI: PCI Interrupt Link [LNKA] (IRQs 5 9 10 *11), disabled.
Jan 14 20:18:08 cu-cs-vm kernel: [    0.155687] ACPI: PCI Interrupt Link [LNKB] (IRQs 5 *9 10 11), disabled.
Jan 14 20:18:08 cu-cs-vm kernel: [    0.155755] ACPI: PCI Interrupt Link [LNKC] (IRQs 5 9 10 *11), disabled.
Jan 14 20:18:08 cu-cs-vm kernel: [    0.155822] ACPI: PCI Interrupt Link [LNKD] (IRQs 5 9 10 *11), disabled.
Jan 14 20:18:08 cu-cs-vm kernel: [    0.156044] ACPI: Enabled 1 GPEs in block 00 to 07
Jan 14 20:18:08 cu-cs-vm kernel: [    0.156053] ACPI: \_SB_.PCI0: notify handler is installed
Jan 14 20:18:08 cu-cs-vm kernel: [    0.156065] Found 1 acpi root devices
Jan 14 20:18:08 cu-cs-vm kernel: [    0.160046] vgaarb: setting as boot device: PCI:0000:00:02.0
Jan 14 20:18:08 cu-cs-vm kernel: [    0.160051] vgaarb: device added: PCI:0000:00:02.0,decodes=io+mem,owns=io+mem,locks=none
Jan 14 20:18:08 cu-cs-vm kernel: [    0.160057] vgaarb: loaded
Jan 14 20:18:08 cu-cs-vm kernel: [    0.160060] vgaarb: bridge control possible 0000:00:02.0
Jan 14 20:18:08 cu-cs-vm kernel: [    0.160238] SCSI subsystem initialized
Jan 14 20:18:08 cu-cs-vm kernel: [    0.160345] libata version 3.00 loaded.
Jan 14 20:18:08 cu-cs-vm kernel: [    0.160345] ACPI: bus type USB registered
Jan 14 20:18:08 cu-cs-vm kernel: [    0.160345] usbcore: registered new interface driver usbfs
Jan 14 20:18:08 cu-cs-vm kernel: [    0.160345] usbcore: registered new interface driver hub
Jan 14 20:18:08 cu-cs-vm kernel: [    0.160345] usbcore: registered new device driver usb
Jan 14 20:18:08 cu-cs-vm kernel: [    0.160345] PCI: Using ACPI for IRQ routing
Jan 14 20:18:08 cu-cs-vm kernel: [    0.176036] PCI: pci_cache_line_size set to 64 bytes
Jan 14 20:18:08 cu-cs-vm kernel: [    0.176192] e820: reserve RAM buffer [mem 0x0009fc00-0x0009ffff]
Jan 14 20:18:08 cu-cs-vm kernel: [    0.176199] e820: reserve RAM buffer [mem 0x7fff0000-0x7fffffff]
Jan 14 20:18:08 cu-cs-vm kernel: [    0.176298] NetLabel: Initializing
Jan 14 20:18:08 cu-cs-vm kernel: [    0.176302] NetLabel:  domain hash size = 128
Jan 14 20:18:08 cu-cs-vm kernel: [    0.176305] NetLabel:  protocols = UNLABELED CIPSOv4
Jan 14 20:18:08 cu-cs-vm kernel: [    0.176318] NetLabel:  unlabeled traffic allowed by default
Jan 14 20:18:08 cu-cs-vm kernel: [    0.176366] HPET: 4 timers in total, 0 timers will be used for per-cpu timer
Jan 14 20:18:08 cu-cs-vm kernel: [    0.176366] hpet0: at MMIO 0xfed00000, IRQs 2, 8, 0, 0
Jan 14 20:18:08 cu-cs-vm kernel: [    0.176366] hpet0: 4 comparators, 64-bit 14.318180 MHz counter
Jan 14 20:18:08 cu-cs-vm kernel: [    0.180108] Switched to clocksource hpet
Jan 14 20:18:08 cu-cs-vm kernel: [    0.185693] AppArmor: AppArmor Filesystem Enabled
Jan 14 20:18:08 cu-cs-vm kernel: [    0.185715] pnp: PnP ACPI init
Jan 14 20:18:08 cu-cs-vm kernel: [    0.185726] ACPI: bus type PNP registered
Jan 14 20:18:08 cu-cs-vm kernel: [    0.185798] pnp 00:00: Plug and Play ACPI device, IDs PNP0303 (active)
Jan 14 20:18:08 cu-cs-vm kernel: [    0.185807] pnp 00:01: [dma 4]
Jan 14 20:18:08 cu-cs-vm kernel: [    0.185823] pnp 00:01: Plug and Play ACPI device, IDs PNP0200 (active)
Jan 14 20:18:08 cu-cs-vm kernel: [    0.185888] pnp 00:02: Plug and Play ACPI device, IDs PNP0f03 (active)
Jan 14 20:18:08 cu-cs-vm kernel: [    0.185922] pnp 00:03: Plug and Play ACPI device, IDs PNP0400 (active)
Jan 14 20:18:08 cu-cs-vm kernel: [    0.185970] pnp 00:04: Plug and Play ACPI device, IDs PNP0b00 (active)
Jan 14 20:18:08 cu-cs-vm kernel: [    0.186037] system 00:05: [mem 0xfed00000-0xfed003ff] has been reserved
Jan 14 20:18:08 cu-cs-vm kernel: [    0.186043] system 00:05: Plug and Play ACPI device, IDs PNP0103 PNP0c01 (active)
Jan 14 20:18:08 cu-cs-vm kernel: [    0.186364] pnp: PnP ACPI: found 6 devices
Jan 14 20:18:08 cu-cs-vm kernel: [    0.186368] ACPI: bus type PNP unregistered
Jan 14 20:18:08 cu-cs-vm kernel: [    0.203556] pci 0000:00:18.0: PCI bridge to [bus 01]
Jan 14 20:18:08 cu-cs-vm kernel: [    0.203625] pci 0000:00:19.0: PCI bridge to [bus 02]
Jan 14 20:18:08 cu-cs-vm kernel: [    0.203692] pci_bus 0000:00: resource 4 [io  0x0000-0xffff]
Jan 14 20:18:08 cu-cs-vm kernel: [    0.203696] pci_bus 0000:00: resource 5 [mem 0x00000000-0x7fffffffff]
Jan 14 20:18:08 cu-cs-vm kernel: [    0.203699] pci_bus 0000:01: resource 4 [io  0x0000-0xffff]
Jan 14 20:18:08 cu-cs-vm kernel: [    0.203703] pci_bus 0000:01: resource 5 [mem 0x00000000-0x7fffffffff]
Jan 14 20:18:08 cu-cs-vm kernel: [    0.203714] pci_bus 0000:02: resource 4 [io  0x0000-0xffff]
Jan 14 20:18:08 cu-cs-vm kernel: [    0.203717] pci_bus 0000:02: resource 5 [mem 0x00000000-0x7fffffffff]
Jan 14 20:18:08 cu-cs-vm kernel: [    0.203745] NET: Registered protocol family 2
Jan 14 20:18:08 cu-cs-vm kernel: [    0.203853] TCP established hash table entries: 16384 (order: 5, 131072 bytes)
Jan 14 20:18:08 cu-cs-vm kernel: [    0.203880] TCP bind hash table entries: 16384 (order: 6, 262144 bytes)
Jan 14 20:18:08 cu-cs-vm kernel: [    0.203908] TCP: Hash tables configured (established 16384 bind 16384)
Jan 14 20:18:08 cu-cs-vm kernel: [    0.203923] TCP: reno registered
Jan 14 20:18:08 cu-cs-vm kernel: [    0.203929] UDP hash table entries: 1024 (order: 3, 32768 bytes)
Jan 14 20:18:08 cu-cs-vm kernel: [    0.203938] UDP-Lite hash table entries: 1024 (order: 3, 32768 bytes)
Jan 14 20:18:08 cu-cs-vm kernel: [    0.203980] NET: Registered protocol family 1
Jan 14 20:18:08 cu-cs-vm kernel: [    0.204002] pci 0000:00:02.0: Video device with shadowed ROM
Jan 14 20:18:08 cu-cs-vm kernel: [    0.265566] PCI: CLS 0 bytes, default 64
Jan 14 20:18:08 cu-cs-vm kernel: [    0.265844] Trying to unpack rootfs image as initramfs...
Jan 14 20:18:08 cu-cs-vm kernel: [    0.524596] Freeing initrd memory: 18620K (ffff880035b92000 - ffff880036dc1000)
Jan 14 20:18:08 cu-cs-vm kernel: [    0.525761] microcode: CPU0 sig=0x306c3, pf=0x1, revision=0x0
Jan 14 20:18:08 cu-cs-vm kernel: [    0.525844] microcode: CPU1 sig=0x306c3, pf=0x1, revision=0x0
Jan 14 20:18:08 cu-cs-vm kernel: [    0.526018] microcode: Microcode Update Driver: v2.00 <tigran@aivazian.fsnet.co.uk>, Peter Oruba
Jan 14 20:18:08 cu-cs-vm kernel: [    0.526025] Scanning for low memory corruption every 60 seconds
Jan 14 20:18:08 cu-cs-vm kernel: [    0.526397] Initialise system trusted keyring
Jan 14 20:18:08 cu-cs-vm kernel: [    0.526439] audit: initializing netlink socket (disabled)
Jan 14 20:18:08 cu-cs-vm kernel: [    0.526451] type=2000 audit(1421291884.524:1): initialized
Jan 14 20:18:08 cu-cs-vm kernel: [    0.546037] HugeTLB registered 2 MB page size, pre-allocated 0 pages
Jan 14 20:18:08 cu-cs-vm kernel: [    0.547580] zbud: loaded
Jan 14 20:18:08 cu-cs-vm kernel: [    0.547903] VFS: Disk quotas dquot_6.5.2
Jan 14 20:18:08 cu-cs-vm kernel: [    0.547935] Dquot-cache hash table entries: 512 (order 0, 4096 bytes)
Jan 14 20:18:08 cu-cs-vm kernel: [    0.548613] fuse init (API version 7.22)
Jan 14 20:18:08 cu-cs-vm kernel: [    0.548775] msgmni has been set to 3742
Jan 14 20:18:08 cu-cs-vm kernel: [    0.548826] Key type big_key registered
Jan 14 20:18:08 cu-cs-vm kernel: [    0.553109] Key type asymmetric registered
Jan 14 20:18:08 cu-cs-vm kernel: [    0.553115] Asymmetric key parser 'x509' registered
Jan 14 20:18:08 cu-cs-vm kernel: [    0.553150] Block layer SCSI generic (bsg) driver version 0.4 loaded (major 252)
Jan 14 20:18:08 cu-cs-vm kernel: [    0.553281] io scheduler noop registered
Jan 14 20:18:08 cu-cs-vm kernel: [    0.553286] io scheduler deadline registered (default)
Jan 14 20:18:08 cu-cs-vm kernel: [    0.553311] io scheduler cfq registered
Jan 14 20:18:08 cu-cs-vm kernel: [    0.553367] pci_hotplug: PCI Hot Plug PCI Core version: 0.5
Jan 14 20:18:08 cu-cs-vm kernel: [    0.553379] pciehp: PCI Express Hot Plug Controller Driver version: 0.4
Jan 14 20:18:08 cu-cs-vm kernel: [    0.553417] vesafb: mode is 640x480x32, linelength=2560, pages=0
Jan 14 20:18:08 cu-cs-vm kernel: [    0.553421] vesafb: scrolling: redraw
Jan 14 20:18:08 cu-cs-vm kernel: [    0.553425] vesafb: Truecolor: size=8:8:8:8, shift=24:16:8:0
Jan 14 20:18:08 cu-cs-vm kernel: [    0.553488] vesafb: framebuffer at 0xe0000000, mapped to 0xffffc90004400000, using 1216k, total 1216k
Jan 14 20:18:08 cu-cs-vm kernel: [    0.554923] Console: switching to colour frame buffer device 80x30
Jan 14 20:18:08 cu-cs-vm kernel: [    0.555360] fb0: VESA VGA frame buffer device
Jan 14 20:18:08 cu-cs-vm kernel: [    0.555387] intel_idle: does not run on family 6 model 60
Jan 14 20:18:08 cu-cs-vm kernel: [    0.555393] ipmi message handler version 39.2
Jan 14 20:18:08 cu-cs-vm kernel: [    0.555459] ACPI: Deprecated procfs I/F for AC is loaded, please retry with CONFIG_ACPI_PROCFS_POWER cleared
Jan 14 20:18:08 cu-cs-vm kernel: [    0.555544] ACPI: AC Adapter [AC] (on-line)
Jan 14 20:18:08 cu-cs-vm kernel: [    0.555970] input: Power Button as /devices/LNXSYSTM:00/LNXPWRBN:00/input/input0
Jan 14 20:18:08 cu-cs-vm kernel: [    0.556218] ACPI: Power Button [PWRF]
Jan 14 20:18:08 cu-cs-vm kernel: [    0.556643] input: Sleep Button as /devices/LNXSYSTM:00/LNXSLPBN:00/input/input1
Jan 14 20:18:08 cu-cs-vm kernel: [    0.557296] ACPI: Sleep Button [SLPF]
Jan 14 20:18:08 cu-cs-vm kernel: [    0.557757] GHES: HEST is not enabled!
Jan 14 20:18:08 cu-cs-vm kernel: [    0.558358] ACPI: Deprecated procfs I/F for battery is loaded, please retry with CONFIG_ACPI_PROCFS_POWER cleared
Jan 14 20:18:08 cu-cs-vm kernel: [    0.559040] ACPI: Battery Slot [BAT0] (battery present)
Jan 14 20:18:08 cu-cs-vm kernel: [    0.559548] Serial: 8250/16550 driver, 32 ports, IRQ sharing enabled
Jan 14 20:18:08 cu-cs-vm kernel: [    0.566678] Linux agpgart interface v0.103
Jan 14 20:18:08 cu-cs-vm kernel: [    0.569891] brd: module loaded
Jan 14 20:18:08 cu-cs-vm kernel: [    0.571662] loop: module loaded
Jan 14 20:18:08 cu-cs-vm kernel: [    0.572365] libphy: Fixed MDIO Bus: probed
Jan 14 20:18:08 cu-cs-vm kernel: [    0.572708] tun: Universal TUN/TAP device driver, 1.6
Jan 14 20:18:08 cu-cs-vm kernel: [    0.573810] tun: (C) 1999-2004 Max Krasnyansky <maxk@qualcomm.com>
Jan 14 20:18:08 cu-cs-vm kernel: [    0.574379] PPP generic driver version 2.4.2
Jan 14 20:18:08 cu-cs-vm kernel: [    0.574954] ehci_hcd: USB 2.0 'Enhanced' Host Controller (EHCI) Driver
Jan 14 20:18:08 cu-cs-vm kernel: [    0.575329] ehci-pci: EHCI PCI platform driver
Jan 14 20:18:08 cu-cs-vm kernel: [    0.575672] ehci-platform: EHCI generic platform driver
Jan 14 20:18:08 cu-cs-vm kernel: [    0.576003] ohci_hcd: USB 1.1 'Open' Host Controller (OHCI) Driver
Jan 14 20:18:08 cu-cs-vm kernel: [    0.576412] ohci-pci: OHCI PCI platform driver
Jan 14 20:18:08 cu-cs-vm kernel: [    0.577074] ohci-pci 0000:00:1f.4: OHCI PCI host controller
Jan 14 20:18:08 cu-cs-vm kernel: [    0.577408] ohci-pci 0000:00:1f.4: new USB bus registered, assigned bus number 1
Jan 14 20:18:08 cu-cs-vm kernel: [    0.578171] ohci-pci 0000:00:1f.4: irq 23, io mem 0xf0902000
Jan 14 20:18:08 cu-cs-vm kernel: [    0.635924] usb usb1: New USB device found, idVendor=1d6b, idProduct=0001
Jan 14 20:18:08 cu-cs-vm kernel: [    0.639170] usb usb1: New USB device strings: Mfr=3, Product=2, SerialNumber=1
Jan 14 20:18:08 cu-cs-vm kernel: [    0.641121] usb usb1: Product: OHCI PCI host controller
Jan 14 20:18:08 cu-cs-vm kernel: [    0.642333] usb usb1: Manufacturer: Linux 3.13.11-ckt12man-cleavage ohci_hcd
Jan 14 20:18:08 cu-cs-vm kernel: [    0.643509] usb usb1: SerialNumber: 0000:00:1f.4
Jan 14 20:18:08 cu-cs-vm kernel: [    0.645485] hub 1-0:1.0: USB hub found
Jan 14 20:18:08 cu-cs-vm kernel: [    0.646654] hub 1-0:1.0: 8 ports detected
Jan 14 20:18:08 cu-cs-vm kernel: [    0.648740] ohci-platform: OHCI generic platform driver
Jan 14 20:18:08 cu-cs-vm kernel: [    0.649818] uhci_hcd: USB Universal Host Controller Interface driver
Jan 14 20:18:08 cu-cs-vm kernel: [    0.651003] i8042: PNP: PS/2 Controller [PNP0303:PS2K,PNP0f03:PS2M] at 0x60,0x64 irq 1,12
Jan 14 20:18:08 cu-cs-vm kernel: [    0.658010] serio: i8042 KBD port at 0x60,0x64 irq 1
Jan 14 20:18:08 cu-cs-vm kernel: [    0.659800] serio: i8042 AUX port at 0x60,0x64 irq 12
Jan 14 20:18:08 cu-cs-vm kernel: [    0.662761] mousedev: PS/2 mouse device common for all mice
Jan 14 20:18:08 cu-cs-vm kernel: [    0.666240] input: AT Translated Set 2 keyboard as /devices/platform/i8042/serio0/input/input2
Jan 14 20:18:08 cu-cs-vm kernel: [    0.669994] rtc_cmos 00:04: rtc core: registered rtc_cmos as rtc0
Jan 14 20:18:08 cu-cs-vm kernel: [    0.671368] rtc_cmos 00:04: alarms up to one day, 114 bytes nvram, hpet irqs
Jan 14 20:18:08 cu-cs-vm kernel: [    0.673039] device-mapper: uevent: version 1.0.3
Jan 14 20:18:08 cu-cs-vm kernel: [    0.676757] device-mapper: ioctl: 4.27.0-ioctl (2013-10-30) initialised: dm-devel@redhat.com
Jan 14 20:18:08 cu-cs-vm kernel: [    0.678012] ledtrig-cpu: registered to indicate activity on CPUs
Jan 14 20:18:08 cu-cs-vm kernel: [    0.678742] TCP: cubic registered
Jan 14 20:18:08 cu-cs-vm kernel: [    0.679513] NET: Registered protocol family 10
Jan 14 20:18:08 cu-cs-vm kernel: [    0.680330] NET: Registered protocol family 17
Jan 14 20:18:08 cu-cs-vm kernel: [    0.681040] Key type dns_resolver registered
Jan 14 20:18:08 cu-cs-vm kernel: [    0.684405] Loading compiled-in X.509 certificates
Jan 14 20:18:08 cu-cs-vm kernel: [    0.687275] Loaded X.509 cert 'Magrathea: Glacier signing key: 0d87dd5e7a02802f019d9e296e0d1fc9a91517dd'
Jan 14 20:18:08 cu-cs-vm kernel: [    0.688206] registered taskstats version 1
Jan 14 20:18:08 cu-cs-vm kernel: [    0.697132] Key type trusted registered
Jan 14 20:18:08 cu-cs-vm kernel: [    0.704981] Key type encrypted registered
Jan 14 20:18:08 cu-cs-vm kernel: [    0.709541] AppArmor: AppArmor sha1 policy hashing enabled
Jan 14 20:18:08 cu-cs-vm kernel: [    0.709937] IMA: No TPM chip found, activating TPM-bypass!
Jan 14 20:18:08 cu-cs-vm kernel: [    0.710702] regulator-dummy: disabling
Jan 14 20:18:08 cu-cs-vm kernel: [    0.711318]   Magic number: 15:680:310
Jan 14 20:18:08 cu-cs-vm kernel: [    0.711692] tty tty39: hash matches
Jan 14 20:18:08 cu-cs-vm kernel: [    0.712178] rtc_cmos 00:04: setting system clock to 2015-01-15 03:18:05 UTC (1421291885)
Jan 14 20:18:08 cu-cs-vm kernel: [    0.713982] BIOS EDD facility v0.16 2004-Jun-25, 0 devices found
Jan 14 20:18:08 cu-cs-vm kernel: [    0.714299] EDD information not available.
Jan 14 20:18:08 cu-cs-vm kernel: [    0.714646] PM: Hibernation image not present or could not be loaded.
Jan 14 20:18:08 cu-cs-vm kernel: [    0.715312] Freeing unused kernel memory: 1332K (ffffffff81d1c000 - ffffffff81e69000)
Jan 14 20:18:08 cu-cs-vm kernel: [    0.715724] Write protecting the kernel read-only data: 12288k
Jan 14 20:18:08 cu-cs-vm kernel: [    0.717671] Freeing unused kernel memory: 944K (ffff880001714000 - ffff880001800000)
Jan 14 20:18:08 cu-cs-vm kernel: [    0.719683] Freeing unused kernel memory: 800K (ffff880001b38000 - ffff880001c00000)
Jan 14 20:18:08 cu-cs-vm kernel: [    0.739128] systemd-udevd[97]: starting version 204
Jan 14 20:18:08 cu-cs-vm kernel: [    0.764120] e1000: Intel(R) PRO/1000 Network Driver - version 7.3.21-k8-NAPI
Jan 14 20:18:08 cu-cs-vm kernel: [    0.764122] e1000: Copyright (c) 1999-2006 Intel Corporation.
Jan 14 20:18:08 cu-cs-vm kernel: [    0.773316] ahci 0000:00:1f.2: version 3.0
Jan 14 20:18:08 cu-cs-vm kernel: [    0.773852] ahci 0000:00:1f.2: irq 40 for MSI/MSI-X
Jan 14 20:18:08 cu-cs-vm kernel: [    0.773915] ahci 0000:00:1f.2: SSS flag set, parallel bus scan disabled
Jan 14 20:18:08 cu-cs-vm kernel: [    0.828296] ahci 0000:00:1f.2: AHCI 0001.0100 32 slots 2 ports 3 Gbps 0x3 impl SATA mode
Jan 14 20:18:08 cu-cs-vm kernel: [    0.833361] ahci 0000:00:1f.2: flags: 64bit ncq stag only ccc 
Jan 14 20:18:08 cu-cs-vm kernel: [    0.841055] scsi0 : ahci
Jan 14 20:18:08 cu-cs-vm kernel: [    0.841531] scsi1 : ahci
Jan 14 20:18:08 cu-cs-vm kernel: [    0.841917] ata1: SATA max UDMA/133 abar m8192@0xf0900000 port 0xf0900100 irq 40
Jan 14 20:18:08 cu-cs-vm kernel: [    0.842650] ata2: SATA max UDMA/133 abar m8192@0xf0900000 port 0xf0900180 irq 40
Jan 14 20:18:08 cu-cs-vm kernel: [    1.060151] usb 1-1: new full-speed USB device number 2 using ohci-pci
Jan 14 20:18:08 cu-cs-vm kernel: [    1.164234] ata1: SATA link up 3.0 Gbps (SStatus 123 SControl 300)
Jan 14 20:18:08 cu-cs-vm kernel: [    1.165795] ata1.00: ATA-8: VBOX HARDDISK, 1.0, max UDMA/133
Jan 14 20:18:08 cu-cs-vm kernel: [    1.166230] ata1.00: 104857600 sectors, multi 128: LBA48 NCQ (depth 31/32)
Jan 14 20:18:08 cu-cs-vm kernel: [    1.167151] ata1.00: configured for UDMA/133
Jan 14 20:18:08 cu-cs-vm kernel: [    1.167679] scsi 0:0:0:0: Direct-Access     ATA      VBOX HARDDISK    1.0  PQ: 0 ANSI: 5
Jan 14 20:18:08 cu-cs-vm kernel: [    1.168731] sd 0:0:0:0: [sda] 104857600 512-byte logical blocks: (53.6 GB/50.0 GiB)
Jan 14 20:18:08 cu-cs-vm kernel: [    1.169662] sd 0:0:0:0: [sda] Write Protect is off
Jan 14 20:18:08 cu-cs-vm kernel: [    1.170045] sd 0:0:0:0: [sda] Mode Sense: 00 3a 00 00
Jan 14 20:18:08 cu-cs-vm kernel: [    1.170091] sd 0:0:0:0: Attached scsi generic sg0 type 0
Jan 14 20:18:08 cu-cs-vm kernel: [    1.170629] sd 0:0:0:0: [sda] Write cache: enabled, read cache: enabled, doesn't support DPO or FUA
Jan 14 20:18:08 cu-cs-vm kernel: [    1.171846]  sda: sda1
Jan 14 20:18:08 cu-cs-vm kernel: [    1.172511] sd 0:0:0:0: [sda] Attached SCSI disk
Jan 14 20:18:08 cu-cs-vm kernel: [    1.179520] input: ImExPS/2 Generic Explorer Mouse as /devices/platform/i8042/serio1/input/input4
Jan 14 20:18:08 cu-cs-vm kernel: [    1.213092] e1000 0000:00:03.0 eth0: (PCI:33MHz:32-bit) 08:00:27:1e:a8:01
Jan 14 20:18:08 cu-cs-vm kernel: [    1.214314] e1000 0000:00:03.0 eth0: Intel(R) PRO/1000 Network Connection
Jan 14 20:18:08 cu-cs-vm kernel: [    1.313454] usb 1-1: New USB device found, idVendor=80ee, idProduct=0021
Jan 14 20:18:08 cu-cs-vm kernel: [    1.314850] usb 1-1: New USB device strings: Mfr=1, Product=3, SerialNumber=0
Jan 14 20:18:08 cu-cs-vm kernel: [    1.315114] usb 1-1: Product: USB Tablet
Jan 14 20:18:08 cu-cs-vm kernel: [    1.315454] usb 1-1: Manufacturer: VirtualBox
Jan 14 20:18:08 cu-cs-vm kernel: [    1.323495] hidraw: raw HID events driver (C) Jiri Kosina
Jan 14 20:18:08 cu-cs-vm kernel: [    1.335619] usbcore: registered new interface driver usbhid
Jan 14 20:18:08 cu-cs-vm kernel: [    1.336214] usbhid: USB HID core driver
Jan 14 20:18:08 cu-cs-vm kernel: [    1.342220] input: VirtualBox USB Tablet as /devices/pci0000:00/0000:00:1f.4/usb1/1-1/1-1:1.0/input/input5
Jan 14 20:18:08 cu-cs-vm kernel: [    1.344234] hid-generic 0003:80EE:0021.0001: input,hidraw0: USB HID v1.10 Mouse [VirtualBox USB Tablet] on usb-0000:00:1f.4-1/input0
Jan 14 20:18:08 cu-cs-vm kernel: [    1.488713] ata2: SATA link up 3.0 Gbps (SStatus 123 SControl 300)
Jan 14 20:18:08 cu-cs-vm kernel: [    1.494476] ata2.00: ATAPI: VBOX CD-ROM, 1.0, max UDMA/133
Jan 14 20:18:08 cu-cs-vm kernel: [    1.496012] ata2.00: applying bridge limits
Jan 14 20:18:08 cu-cs-vm kernel: [    1.499096] ata2.00: configured for UDMA/100
Jan 14 20:18:08 cu-cs-vm kernel: [    1.502485] scsi 1:0:0:0: CD-ROM            VBOX     CD-ROM           1.0  PQ: 0 ANSI: 5
Jan 14 20:18:08 cu-cs-vm kernel: [    1.509360] sr0: scsi3-mmc drive: 32x/32x xa/form2 tray
Jan 14 20:18:08 cu-cs-vm kernel: [    1.512921] cdrom: Uniform CD-ROM driver Revision: 3.20
Jan 14 20:18:08 cu-cs-vm kernel: [    1.516309] sr 1:0:0:0: Attached scsi CD-ROM sr0
Jan 14 20:18:08 cu-cs-vm kernel: [    1.516650] sr 1:0:0:0: Attached scsi generic sg1 type 5
Jan 14 20:18:08 cu-cs-vm kernel: [    1.676623] raid6: sse2x1    9825 MB/s
Jan 14 20:18:08 cu-cs-vm kernel: [    1.744985] raid6: sse2x2   12400 MB/s
Jan 14 20:18:08 cu-cs-vm kernel: [    1.812647] raid6: sse2x4   14092 MB/s
Jan 14 20:18:08 cu-cs-vm kernel: [    1.814005] raid6: using algorithm sse2x4 (14092 MB/s)
Jan 14 20:18:08 cu-cs-vm kernel: [    1.814359] raid6: using ssse3x2 recovery algorithm
Jan 14 20:18:08 cu-cs-vm kernel: [    1.816317] xor: measuring software checksum speed
Jan 14 20:18:08 cu-cs-vm kernel: [    1.856704]    prefetch64-sse: 16993.000 MB/sec
Jan 14 20:18:08 cu-cs-vm kernel: [    1.896069]    generic_sse: 17346.000 MB/sec
Jan 14 20:18:08 cu-cs-vm kernel: [    1.897194] xor: using function: generic_sse (17346.000 MB/sec)
Jan 14 20:18:08 cu-cs-vm kernel: [    1.962348] bio: create slab <bio-1> at 1
Jan 14 20:18:08 cu-cs-vm kernel: [    1.964151] Btrfs loaded
Jan 14 20:18:08 cu-cs-vm kernel: [    1.976163] btrfs: device fsid 4d4d4956-efb6-4c5c-9455-e11d9e4726c6 devid 1 transid 439 /dev/sda1
Jan 14 20:18:08 cu-cs-vm kernel: [    1.984710] btrfs: device fsid 4d4d4956-efb6-4c5c-9455-e11d9e4726c6 devid 1 transid 439 /dev/disk/by-uuid/4d4d4956-efb6-4c5c-9455-e11d9e4726c6
Jan 14 20:18:08 cu-cs-vm kernel: [    1.986681] btrfs: disk space caching is enabled
Jan 14 20:18:08 cu-cs-vm kernel: [    2.006447] Btrfs detected SSD devices, enabling SSD mode
Jan 14 20:18:08 cu-cs-vm kernel: [    2.126737] random: init urandom read with 48 bits of entropy available
Jan 14 20:18:08 cu-cs-vm kernel: [    2.203935] init: plymouth-upstart-bridge main process (178) terminated with status 1
Jan 14 20:18:08 cu-cs-vm kernel: [    2.211994] init: plymouth-upstart-bridge main process ended, respawning
Jan 14 20:18:08 cu-cs-vm kernel: [    2.219351] init: plymouth-upstart-bridge main process (188) terminated with status 1
Jan 14 20:18:08 cu-cs-vm kernel: [    2.220821] init: plymouth-upstart-bridge main process ended, respawning
Jan 14 20:18:08 cu-cs-vm kernel: [    2.224329] init: plymouth-upstart-bridge main process (191) terminated with status 1
Jan 14 20:18:08 cu-cs-vm kernel: [    2.225046] init: plymouth-upstart-bridge main process ended, respawning
Jan 14 20:18:08 cu-cs-vm kernel: [    2.228235] init: plymouth-upstart-bridge main process (193) terminated with status 1
Jan 14 20:18:08 cu-cs-vm kernel: [    2.228987] init: plymouth-upstart-bridge main process ended, respawning
Jan 14 20:18:08 cu-cs-vm kernel: [    2.238280] init: plymouth-upstart-bridge main process (195) terminated with status 1
Jan 14 20:18:08 cu-cs-vm kernel: [    2.245918] init: plymouth-upstart-bridge main process ended, respawning
Jan 14 20:18:08 cu-cs-vm kernel: [    2.511592] btrfs: use zlib compression
Jan 14 20:18:08 cu-cs-vm kernel: [    2.516317] btrfs: disk space caching is enabled
Jan 14 20:18:08 cu-cs-vm kernel: [    2.573128] btrfs: device fsid 4d4d4956-efb6-4c5c-9455-e11d9e4726c6 devid 1 transid 439 /dev/sda1
Jan 14 20:18:08 cu-cs-vm kernel: [    2.656318] IPv6: ADDRCONF(NETDEV_UP): eth0: link is not ready
Jan 14 20:18:08 cu-cs-vm kernel: [    2.732280] systemd-udevd[338]: starting version 204
Jan 14 20:18:08 cu-cs-vm kernel: [    2.859518] lp: driver loaded but no devices found
Jan 14 20:18:08 cu-cs-vm kernel: [    2.876427] ppdev: user-space parallel port driver
Jan 14 20:18:08 cu-cs-vm kernel: [    2.902199] parport_pc 00:03: reported by Plug and Play ACPI
Jan 14 20:18:08 cu-cs-vm kernel: [    3.046544] vboxguest: module verification failed: signature and/or  required key missing - tainting kernel
Jan 14 20:18:08 cu-cs-vm kernel: [    3.055984] lpc_ich 0000:00:1f.0: I/O space for GPIO uninitialized
Jan 14 20:18:08 cu-cs-vm kernel: [    3.095774] [drm] Initialized drm 1.1.0 20060810
Jan 14 20:18:08 cu-cs-vm kernel: [    3.097333] piix4_smbus 0000:00:07.0: SMBus base address uninitialized - upgrade BIOS or use force_addr=0xaddr
Jan 14 20:18:08 cu-cs-vm kernel: [    3.106647] input: Unspecified device as /devices/pci0000:00/0000:00:04.0/input/input6
Jan 14 20:18:08 cu-cs-vm kernel: [    3.107383] vboxguest: major 0, IRQ 20, I/O port d020, MMIO at 00000000f0400000 (size 0x400000)
Jan 14 20:18:08 cu-cs-vm kernel: [    3.107387] vboxguest: Successfully loaded version 4.3.10_Ubuntu (interface 0x00010004)
Jan 14 20:18:08 cu-cs-vm kernel: [    3.122842] [drm] Supports vblank timestamp caching Rev 2 (21.10.2013).
Jan 14 20:18:08 cu-cs-vm kernel: [    3.122846] [drm] No driver support for vblank timestamp query.
Jan 14 20:18:08 cu-cs-vm kernel: [    3.122849] [drm] Initialized vboxvideo 1.0.0 20090303 for 0000:00:02.0 on minor 0
Jan 14 20:18:08 cu-cs-vm kernel: [    3.187163] random: nonblocking pool is initialized
Jan 14 20:18:08 cu-cs-vm kernel: [    3.313532] type=1400 audit(1421291888.096:2): apparmor="STATUS" operation="profile_load" profile="unconfined" name="/sbin/dhclient" pid=433 comm="apparmor_parser"
Jan 14 20:18:08 cu-cs-vm kernel: [    3.313539] type=1400 audit(1421291888.096:3): apparmor="STATUS" operation="profile_load" profile="unconfined" name="/usr/lib/NetworkManager/nm-dhcp-client.action" pid=433 comm="apparmor_parser"
Jan 14 20:18:08 cu-cs-vm kernel: [    3.313545] type=1400 audit(1421291888.096:4): apparmor="STATUS" operation="profile_load" profile="unconfined" name="/usr/lib/connman/scripts/dhclient-script" pid=433 comm="apparmor_parser"
Jan 14 20:18:08 cu-cs-vm kernel: [    3.313787] type=1400 audit(1421291888.096:5): apparmor="STATUS" operation="profile_replace" profile="unconfined" name="/usr/lib/NetworkManager/nm-dhcp-client.action" pid=433 comm="apparmor_parser"
Jan 14 20:18:08 cu-cs-vm kernel: [    3.313794] type=1400 audit(1421291888.096:6): apparmor="STATUS" operation="profile_replace" profile="unconfined" name="/usr/lib/connman/scripts/dhclient-script" pid=433 comm="apparmor_parser"
Jan 14 20:18:08 cu-cs-vm kernel: [    3.313917] type=1400 audit(1421291888.096:7): apparmor="STATUS" operation="profile_replace" profile="unconfined" name="/usr/lib/connman/scripts/dhclient-script" pid=433 comm="apparmor_parser"
Jan 14 20:18:08 cu-cs-vm kernel: [    3.314501] type=1400 audit(1421291888.096:8): apparmor="STATUS" operation="profile_replace" profile="unconfined" name="/sbin/dhclient" pid=419 comm="apparmor_parser"
Jan 14 20:18:08 cu-cs-vm kernel: [    3.314508] type=1400 audit(1421291888.096:9): apparmor="STATUS" operation="profile_replace" profile="unconfined" name="/usr/lib/NetworkManager/nm-dhcp-client.action" pid=419 comm="apparmor_parser"
Jan 14 20:18:08 cu-cs-vm kernel: [    3.314514] type=1400 audit(1421291888.096:10): apparmor="STATUS" operation="profile_replace" profile="unconfined" name="/usr/lib/connman/scripts/dhclient-script" pid=419 comm="apparmor_parser"
Jan 14 20:18:08 cu-cs-vm mtp-probe: checking bus 1, device 2: "/sys/devices/pci0000:00/0000:00:1f.4/usb1/1-1"
Jan 14 20:18:08 cu-cs-vm mtp-probe: bus: 1, device: 2 was not an MTP device
Jan 14 20:18:08 cu-cs-vm rsyslogd-2039: Could no open output pipe '/dev/xconsole': No such file or directory [try http://www.rsyslog.com/e/2039 ]
Jan 14 20:18:08 cu-cs-vm dbus[484]: [system] AppArmor D-Bus mediation is enabled
Jan 14 20:18:08 cu-cs-vm failsafe: Failsafe of 120 seconds reached.
Jan 14 20:18:08 cu-cs-vm bluetoothd[553]: Bluetooth daemon 4.101
Jan 14 20:18:08 cu-cs-vm kernel: [    3.682866] init: failsafe main process (488) killed by TERM signal
Jan 14 20:18:08 cu-cs-vm bluetoothd[553]: Starting SDP server
Jan 14 20:18:08 cu-cs-vm kernel: [    3.809495] Bluetooth: Core ver 2.17
Jan 14 20:18:08 cu-cs-vm kernel: [    3.810547] NET: Registered protocol family 31
Jan 14 20:18:08 cu-cs-vm kernel: [    3.810551] Bluetooth: HCI device and connection manager initialized
Jan 14 20:18:08 cu-cs-vm kernel: [    3.810795] Bluetooth: HCI socket layer initialized
Jan 14 20:18:08 cu-cs-vm kernel: [    3.810801] Bluetooth: L2CAP socket layer initialized
Jan 14 20:18:08 cu-cs-vm kernel: [    3.810809] Bluetooth: SCO socket layer initialized
Jan 14 20:18:08 cu-cs-vm bluetoothd[553]: DIS cannot start: GATT is disabled
Jan 14 20:18:08 cu-cs-vm bluetoothd[553]: Failed to init deviceinfo plugin
Jan 14 20:18:08 cu-cs-vm bluetoothd[553]: Failed to init proximity plugin
Jan 14 20:18:08 cu-cs-vm bluetoothd[553]: Failed to init time plugin
Jan 14 20:18:08 cu-cs-vm bluetoothd[553]: Failed to init alert plugin
Jan 14 20:18:08 cu-cs-vm bluetoothd[553]: Failed to init thermometer plugin
Jan 14 20:18:08 cu-cs-vm avahi-daemon[640]: Found user 'avahi' (UID 111) and group 'avahi' (GID 117).
Jan 14 20:18:08 cu-cs-vm avahi-daemon[640]: Successfully dropped root privileges.
Jan 14 20:18:08 cu-cs-vm avahi-daemon[640]: avahi-daemon 0.6.31 starting up.
Jan 14 20:18:08 cu-cs-vm avahi-daemon[640]: Successfully called chroot().
Jan 14 20:18:08 cu-cs-vm avahi-daemon[640]: Successfully dropped remaining capabilities.
Jan 14 20:18:08 cu-cs-vm avahi-daemon[640]: No service file found in /etc/avahi/services.
Jan 14 20:18:08 cu-cs-vm avahi-daemon[640]: Network interface enumeration completed.
Jan 14 20:18:08 cu-cs-vm avahi-daemon[640]: Registering HINFO record with values 'X86_64'/'LINUX'.
Jan 14 20:18:08 cu-cs-vm avahi-daemon[640]: Server startup complete. Host name is cu-cs-vm.local. Local service cookie is 3133752949.
Jan 14 20:18:08 cu-cs-vm kernel: [    3.871594] Bluetooth: RFCOMM TTY layer initialized
Jan 14 20:18:08 cu-cs-vm kernel: [    3.871606] Bluetooth: RFCOMM socket layer initialized
Jan 14 20:18:08 cu-cs-vm kernel: [    3.871614] Bluetooth: RFCOMM ver 1.11
Jan 14 20:18:08 cu-cs-vm bluetoothd[553]: Failed to init gatt_example plugin
Jan 14 20:18:08 cu-cs-vm bluetoothd[553]: Bluetooth Management interface initialized
Jan 14 20:18:08 cu-cs-vm kernel: [    3.904089] Bluetooth: BNEP (Ethernet Emulation) ver 1.3
Jan 14 20:18:08 cu-cs-vm kernel: [    3.904093] Bluetooth: BNEP filters: protocol multicast
Jan 14 20:18:08 cu-cs-vm kernel: [    3.904421] Bluetooth: BNEP socket layer initialized
Jan 14 20:18:08 cu-cs-vm kernel: [    3.924415] intel8x0_measure_ac97_clock: measured 53185 usecs (8159 samples)
Jan 14 20:18:08 cu-cs-vm kernel: [    3.924419] intel8x0: measured clock 153407 rejected
Jan 14 20:18:08 cu-cs-vm kernel: [    3.926785] btrfs: device fsid 4d4d4956-efb6-4c5c-9455-e11d9e4726c6 devid 1 transid 439 /dev/sda1
Jan 14 20:18:08 cu-cs-vm kernel: [    3.930092] init: cups main process (599) killed by HUP signal
Jan 14 20:18:08 cu-cs-vm kernel: [    3.930114] init: cups main process ended, respawning
Jan 14 20:18:08 cu-cs-vm ModemManager[609]: <info>  ModemManager (version 1.0.0) starting...
Jan 14 20:18:08 cu-cs-vm kernel: [    3.968541] btrfs: device fsid 4d4d4956-efb6-4c5c-9455-e11d9e4726c6 devid 1 transid 439 /dev/sda1
Jan 14 20:18:08 cu-cs-vm NetworkManager[709]: <info> NetworkManager (version 0.9.8.8) is starting...
Jan 14 20:18:08 cu-cs-vm NetworkManager[709]: <info> Read config file /etc/NetworkManager/NetworkManager.conf
Jan 14 20:18:08 cu-cs-vm NetworkManager[709]: <info> WEXT support is enabled
Jan 14 20:18:08 cu-cs-vm NetworkManager[709]: <info> VPN: loaded org.freedesktop.NetworkManager.pptp
Jan 14 20:18:08 cu-cs-vm NetworkManager[709]: <info> DNS: loaded plugin dnsmasq
Jan 14 20:18:08 cu-cs-vm dbus[484]: [system] Activating service name='org.freedesktop.PolicyKit1' (using servicehelper)
Jan 14 20:18:09 cu-cs-vm polkitd[719]: started daemon version 0.105 using authority implementation `local' version `0.105'
Jan 14 20:18:09 cu-cs-vm dbus[484]: [system] Successfully activated service 'org.freedesktop.PolicyKit1'
Jan 14 20:18:09 cu-cs-vm NetworkManager[709]:    SCPlugin-Ifupdown: init!
Jan 14 20:18:09 cu-cs-vm NetworkManager[709]:    SCPlugin-Ifupdown: update_system_hostname
Jan 14 20:18:09 cu-cs-vm NetworkManager[709]:       interface-parser: parsing file /etc/network/interfaces
Jan 14 20:18:09 cu-cs-vm NetworkManager[709]:       interface-parser: finished parsing file /etc/network/interfaces
Jan 14 20:18:09 cu-cs-vm NetworkManager[709]:    SCPluginIfupdown: management mode: unmanaged
Jan 14 20:18:09 cu-cs-vm NetworkManager[709]:    SCPlugin-Ifupdown: devices added (path: /sys/devices/pci0000:00/0000:00:03.0/net/eth0, iface: eth0)
Jan 14 20:18:09 cu-cs-vm NetworkManager[709]:    SCPlugin-Ifupdown: device added (path: /sys/devices/pci0000:00/0000:00:03.0/net/eth0, iface: eth0): no ifupdown configuration found.
Jan 14 20:18:09 cu-cs-vm NetworkManager[709]:    SCPlugin-Ifupdown: devices added (path: /sys/devices/virtual/net/lo, iface: lo)
Jan 14 20:18:09 cu-cs-vm NetworkManager[709]:    SCPlugin-Ifupdown: device added (path: /sys/devices/virtual/net/lo, iface: lo): no ifupdown configuration found.
Jan 14 20:18:09 cu-cs-vm NetworkManager[709]:    SCPlugin-Ifupdown: end _init.
Jan 14 20:18:09 cu-cs-vm NetworkManager[709]: <info> Loaded plugin ifupdown: (C) 2008 Canonical Ltd.  To report bugs please use the NetworkManager mailing list.
Jan 14 20:18:09 cu-cs-vm NetworkManager[709]: <info> Loaded plugin keyfile: (c) 2007 - 2010 Red Hat, Inc.  To report bugs please use the NetworkManager mailing list.
Jan 14 20:18:09 cu-cs-vm NetworkManager[709]:    SCPlugin-Ofono: Acquired D-Bus service com.canonical.NMOfono
Jan 14 20:18:09 cu-cs-vm NetworkManager[709]:    SCPlugin-Ofono: init!
Jan 14 20:18:09 cu-cs-vm NetworkManager[709]:    SCPlugin-Ofono: end _init.
Jan 14 20:18:09 cu-cs-vm NetworkManager[709]: <info> Loaded plugin (null): (null)
Jan 14 20:18:09 cu-cs-vm NetworkManager[709]:    Ifupdown: get unmanaged devices count: 0
Jan 14 20:18:09 cu-cs-vm NetworkManager[709]:    SCPlugin-Ifupdown: (9001504) ... get_connections.
Jan 14 20:18:09 cu-cs-vm NetworkManager[709]:    SCPlugin-Ifupdown: (9001504) ... get_connections (managed=false): return empty list.
Jan 14 20:18:09 cu-cs-vm NetworkManager[709]:    SCPlugin-Ofono: (-872399504) ... get_connections.
Jan 14 20:18:09 cu-cs-vm NetworkManager[709]:    SCPlugin-Ofono: (-872399504) connections count: 0
Jan 14 20:18:09 cu-cs-vm NetworkManager[709]:    Ifupdown: get unmanaged devices count: 0
Jan 14 20:18:09 cu-cs-vm NetworkManager[709]: <info> monitoring kernel firmware directory '/lib/firmware'.
Jan 14 20:18:09 cu-cs-vm NetworkManager[709]: <info> WiFi enabled by radio killswitch; enabled by state file
Jan 14 20:18:09 cu-cs-vm NetworkManager[709]: <info> WWAN enabled by radio killswitch; enabled by state file
Jan 14 20:18:09 cu-cs-vm NetworkManager[709]: <info> WiMAX enabled by radio killswitch; enabled by state file
Jan 14 20:18:09 cu-cs-vm NetworkManager[709]: <info> Networking is enabled by state file
Jan 14 20:18:09 cu-cs-vm NetworkManager[709]: <warn> failed to allocate link cache: (-12) Object not found
Jan 14 20:18:09 cu-cs-vm NetworkManager[709]: <info> (eth0): carrier is OFF
Jan 14 20:18:09 cu-cs-vm NetworkManager[709]: <info> (eth0): new Ethernet device (driver: 'e1000' ifindex: 2)
Jan 14 20:18:09 cu-cs-vm NetworkManager[709]: <info> (eth0): exported as /org/freedesktop/NetworkManager/Devices/0
Jan 14 20:18:09 cu-cs-vm NetworkManager[709]: <info> (eth0): device state change: unmanaged -> unavailable (reason 'managed') [10 20 2]
Jan 14 20:18:09 cu-cs-vm NetworkManager[709]: <info> (eth0): bringing up device.
Jan 14 20:18:09 cu-cs-vm NetworkManager[709]: <info> (eth0): preparing device.
Jan 14 20:18:09 cu-cs-vm NetworkManager[709]: <info> (eth0): deactivating device (reason 'managed') [2]
Jan 14 20:18:09 cu-cs-vm kernel: [    4.255510] IPv6: ADDRCONF(NETDEV_UP): eth0: link is not ready
Jan 14 20:18:09 cu-cs-vm kernel: [    4.255701] IPv6: ADDRCONF(NETDEV_UP): eth0: link is not ready
Jan 14 20:18:09 cu-cs-vm NetworkManager[709]: <info> Added default wired connection 'Wired connection 1' for /sys/devices/pci0000:00/0000:00:03.0/net/eth0
Jan 14 20:18:09 cu-cs-vm NetworkManager[709]: <warn> /sys/devices/virtual/net/lo: couldn't determine device driver; ignoring...
Jan 14 20:18:09 cu-cs-vm NetworkManager[709]: <warn> /sys/devices/virtual/net/lo: couldn't determine device driver; ignoring...
Jan 14 20:18:09 cu-cs-vm NetworkManager[709]: <info> (eth0): carrier now ON (device state 20)
Jan 14 20:18:09 cu-cs-vm kernel: [    4.256624] e1000: eth0 NIC Link is Up 1000 Mbps Full Duplex, Flow Control: RX
Jan 14 20:18:09 cu-cs-vm kernel: [    4.256909] IPv6: ADDRCONF(NETDEV_CHANGE): eth0: link becomes ready
Jan 14 20:18:09 cu-cs-vm NetworkManager[709]: <info> (eth0): device state change: unavailable -> disconnected (reason 'carrier-changed') [20 30 40]
Jan 14 20:18:09 cu-cs-vm NetworkManager[709]: <info> urfkill disappeared from the bus
Jan 14 20:18:09 cu-cs-vm NetworkManager[709]: <info> Auto-activating connection 'Wired connection 1'.
Jan 14 20:18:09 cu-cs-vm NetworkManager[709]: <info> Activation (eth0) starting connection 'Wired connection 1'
Jan 14 20:18:09 cu-cs-vm NetworkManager[709]: <info> (eth0): device state change: disconnected -> prepare (reason 'none') [30 40 0]
Jan 14 20:18:09 cu-cs-vm NetworkManager[709]: <info> NetworkManager state is now CONNECTING
Jan 14 20:18:09 cu-cs-vm NetworkManager[709]: <info> Activation (eth0) Stage 1 of 5 (Device Prepare) scheduled...
Jan 14 20:18:09 cu-cs-vm NetworkManager[709]: <info> Activation (eth0) Stage 1 of 5 (Device Prepare) started...
Jan 14 20:18:09 cu-cs-vm NetworkManager[709]: <info> Activation (eth0) Stage 2 of 5 (Device Configure) scheduled...
Jan 14 20:18:09 cu-cs-vm NetworkManager[709]: <info> Activation (eth0) Stage 1 of 5 (Device Prepare) complete.
Jan 14 20:18:09 cu-cs-vm NetworkManager[709]: <info> Activation (eth0) Stage 2 of 5 (Device Configure) starting...
Jan 14 20:18:09 cu-cs-vm NetworkManager[709]: <info> (eth0): device state change: prepare -> config (reason 'none') [40 50 0]
Jan 14 20:18:09 cu-cs-vm NetworkManager[709]: <info> Activation (eth0) Stage 2 of 5 (Device Configure) successful.
Jan 14 20:18:09 cu-cs-vm NetworkManager[709]: <info> Activation (eth0) Stage 3 of 5 (IP Configure Start) scheduled.
Jan 14 20:18:09 cu-cs-vm NetworkManager[709]: <info> Activation (eth0) Stage 2 of 5 (Device Configure) complete.
Jan 14 20:18:09 cu-cs-vm NetworkManager[709]: <info> Activation (eth0) Stage 3 of 5 (IP Configure Start) started...
Jan 14 20:18:09 cu-cs-vm NetworkManager[709]: <info> (eth0): device state change: config -> ip-config (reason 'none') [50 70 0]
Jan 14 20:18:09 cu-cs-vm NetworkManager[709]: <info> Activation (eth0) Beginning DHCPv4 transaction (timeout in 45 seconds)
Jan 14 20:18:09 cu-cs-vm kernel: [    4.288188] intel8x0_measure_ac97_clock: measured 59932 usecs (7680 samples)
Jan 14 20:18:09 cu-cs-vm kernel: [    4.288192] intel8x0: measured clock 128145 rejected
Jan 14 20:18:09 cu-cs-vm NetworkManager[709]: <info> dhclient started with pid 754
Jan 14 20:18:09 cu-cs-vm NetworkManager[709]: <info> Activation (eth0) Beginning IP6 addrconf.
Jan 14 20:18:09 cu-cs-vm NetworkManager[709]: <info> Activation (eth0) Stage 3 of 5 (IP Configure Start) complete.
Jan 14 20:18:09 cu-cs-vm NetworkManager[709]: <info> ModemManager available in the bus
Jan 14 20:18:09 cu-cs-vm dhclient: Internet Systems Consortium DHCP Client 4.2.4
Jan 14 20:18:09 cu-cs-vm dhclient: Copyright 2004-2012 Internet Systems Consortium.
Jan 14 20:18:09 cu-cs-vm dhclient: All rights reserved.
Jan 14 20:18:09 cu-cs-vm dhclient: For info, please visit https://www.isc.org/software/dhcp/
Jan 14 20:18:09 cu-cs-vm dhclient: 
Jan 14 20:18:09 cu-cs-vm NetworkManager[709]: <info> (eth0): DHCPv4 state changed nbi -> preinit
Jan 14 20:18:09 cu-cs-vm dhclient: Listening on LPF/eth0/08:00:27:1e:a8:01
Jan 14 20:18:09 cu-cs-vm dhclient: Sending on   LPF/eth0/08:00:27:1e:a8:01
Jan 14 20:18:09 cu-cs-vm dhclient: Sending on   Socket/fallback
Jan 14 20:18:09 cu-cs-vm dhclient: DHCPDISCOVER on eth0 to 255.255.255.255 port 67 interval 3 (xid=0x753b4cc5)
Jan 14 20:18:09 cu-cs-vm dhclient: DHCPREQUEST of 10.0.2.15 on eth0 to 255.255.255.255 port 67 (xid=0x753b4cc5)
Jan 14 20:18:09 cu-cs-vm dhclient: DHCPOFFER of 10.0.2.15 from 10.0.2.2
Jan 14 20:18:09 cu-cs-vm dhclient: DHCPACK of 10.0.2.15 from 10.0.2.2
Jan 14 20:18:09 cu-cs-vm dhclient: bound to 10.0.2.15 -- renewal in 32938 seconds.
Jan 14 20:18:09 cu-cs-vm NetworkManager[709]: <info> (eth0): DHCPv4 state changed preinit -> bound
Jan 14 20:18:09 cu-cs-vm NetworkManager[709]: <info>   address 10.0.2.15
Jan 14 20:18:09 cu-cs-vm NetworkManager[709]: <info>   prefix 24 (255.255.255.0)
Jan 14 20:18:09 cu-cs-vm NetworkManager[709]: <info>   gateway 10.0.2.2
Jan 14 20:18:09 cu-cs-vm NetworkManager[709]: <info>   nameserver '128.138.130.30'
Jan 14 20:18:09 cu-cs-vm NetworkManager[709]: <info>   nameserver '128.138.240.1'
Jan 14 20:18:09 cu-cs-vm NetworkManager[709]: <info>   nameserver '128.138.129.76'
Jan 14 20:18:09 cu-cs-vm NetworkManager[709]: <info>   domain name 'int.colorado.edu'
Jan 14 20:18:09 cu-cs-vm NetworkManager[709]: <info> Activation (eth0) Stage 5 of 5 (IPv4 Configure Commit) scheduled...
Jan 14 20:18:09 cu-cs-vm NetworkManager[709]: <info> Activation (eth0) Stage 5 of 5 (IPv4 Commit) started...
Jan 14 20:18:09 cu-cs-vm avahi-daemon[640]: Joining mDNS multicast group on interface eth0.IPv4 with address 10.0.2.15.
Jan 14 20:18:09 cu-cs-vm avahi-daemon[640]: New relevant interface eth0.IPv4 for mDNS.
Jan 14 20:18:09 cu-cs-vm avahi-daemon[640]: Registering new address record for 10.0.2.15 on eth0.IPv4.
Jan 14 20:18:09 cu-cs-vm cron[801]: (CRON) INFO (pidfile fd = 3)
Jan 14 20:18:09 cu-cs-vm kernel: [    4.632937] init: alsa-restore main process (873) terminated with status 19
Jan 14 20:18:09 cu-cs-vm kernel: [    4.648133] intel8x0_measure_ac97_clock: measured 55968 usecs (7200 samples)
Jan 14 20:18:09 cu-cs-vm kernel: [    4.648137] intel8x0: measured clock 128644 rejected
Jan 14 20:18:09 cu-cs-vm kernel: [    4.648140] intel8x0: clocking to 48000
Jan 14 20:18:09 cu-cs-vm anacron[874]: Anacron 2.3 started on 2015-01-14
Jan 14 20:18:09 cu-cs-vm anacron[874]: Normal exit (0 jobs run)
Jan 14 20:18:09 cu-cs-vm cron[877]: (CRON) STARTUP (fork ok)
Jan 14 20:18:09 cu-cs-vm cron[877]: (CRON) INFO (Running @reboot jobs)
Jan 14 20:18:09 cu-cs-vm kernel: [    4.803291] vboxsf: Successfully loaded version 4.3.10_Ubuntu (interface 0x00010004)
Jan 14 20:18:09 cu-cs-vm dbus[484]: [system] Activating service name='org.freedesktop.Accounts' (using servicehelper)
Jan 14 20:18:09 cu-cs-vm acpid: starting up with netlink and the input layer
Jan 14 20:18:09 cu-cs-vm dbus[484]: [system] Activating service name='org.freedesktop.ConsoleKit' (using servicehelper)
Jan 14 20:18:09 cu-cs-vm acpid: 9 rules loaded
Jan 14 20:18:09 cu-cs-vm acpid: waiting for events: event logging is off
Jan 14 20:18:09 cu-cs-vm whoopsie[855]: whoopsie 0.2.24.6 starting up.
Jan 14 20:18:09 cu-cs-vm whoopsie[855]: Using lock path: /var/lock/whoopsie/lock
Jan 14 20:18:09 cu-cs-vm accounts-daemon[982]: started daemon version 0.6.35
Jan 14 20:18:09 cu-cs-vm dbus[484]: [system] Successfully activated service 'org.freedesktop.Accounts'
Jan 14 20:18:09 cu-cs-vm ntpd[1100]: ntpd 4.2.6p5@1.2349-o Sat Dec 20 11:47:14 UTC 2014 (1)
Jan 14 20:18:09 cu-cs-vm ntpd[1105]: proto: precision = 3.073 usec
Jan 14 20:18:09 cu-cs-vm ntpd[1105]: ntp_io: estimated max descriptors: 1024, initial socket boundary: 16
Jan 14 20:18:09 cu-cs-vm ntpd[1105]: Listen and drop on 0 v4wildcard 0.0.0.0 UDP 123
Jan 14 20:18:09 cu-cs-vm ntpd[1105]: Listen and drop on 1 v6wildcard :: UDP 123
Jan 14 20:18:09 cu-cs-vm ntpd[1105]: Listen normally on 2 lo 127.0.0.1 UDP 123
Jan 14 20:18:09 cu-cs-vm ntpd[1105]: Listen normally on 3 eth0 10.0.2.15 UDP 123
Jan 14 20:18:09 cu-cs-vm ntpd[1105]: Listen normally on 4 lo ::1 UDP 123
Jan 14 20:18:09 cu-cs-vm ntpd[1105]: peers refreshed
Jan 14 20:18:09 cu-cs-vm ntpd[1105]: Listening on routing socket on fd #21 for interface updates
Jan 14 20:18:09 cu-cs-vm ntpd[1105]: Deferring DNS for 0.ubuntu.pool.ntp.org 1
Jan 14 20:18:09 cu-cs-vm ntpd[1105]: Deferring DNS for 1.ubuntu.pool.ntp.org 1
Jan 14 20:18:09 cu-cs-vm ntpd[1105]: Deferring DNS for 2.ubuntu.pool.ntp.org 1
Jan 14 20:18:09 cu-cs-vm ntpd[1105]: Deferring DNS for 3.ubuntu.pool.ntp.org 1
Jan 14 20:18:09 cu-cs-vm ntpd[1105]: Deferring DNS for ntp.ubuntu.com 1
Jan 14 20:18:09 cu-cs-vm ntpd[1124]: signal_no_reset: signal 17 had flags 4000000
Jan 14 20:18:09 cu-cs-vm dbus[484]: [system] Successfully activated service 'org.freedesktop.ConsoleKit'
Jan 14 20:18:09 cu-cs-vm ntpd[1105]: ntpd exiting on signal 15
Jan 14 20:18:10 cu-cs-vm ntpdate[1204]: Can't find host 0.ubuntu.pool.ntp.org: Name or service not known (-2)
Jan 14 20:18:10 cu-cs-vm ntpdate[1204]: Can't find host 1.ubuntu.pool.ntp.org: Name or service not known (-2)
Jan 14 20:18:10 cu-cs-vm ntpdate[1204]: Can't find host 2.ubuntu.pool.ntp.org: Name or service not known (-2)
Jan 14 20:18:10 cu-cs-vm ntpdate[1204]: Can't find host 3.ubuntu.pool.ntp.org: Name or service not known (-2)
Jan 14 20:18:10 cu-cs-vm ntpdate[1204]: Can't find host ntp.ubuntu.com: Name or service not known (-2)
Jan 14 20:18:10 cu-cs-vm ntpdate[1204]: no servers can be used, exiting
Jan 14 20:18:10 cu-cs-vm ntpd[1262]: ntpd 4.2.6p5@1.2349-o Sat Dec 20 11:47:14 UTC 2014 (1)
Jan 14 20:18:10 cu-cs-vm ntpd[1263]: proto: precision = 3.075 usec
Jan 14 20:18:10 cu-cs-vm ntpd[1263]: ntp_io: estimated max descriptors: 1024, initial socket boundary: 16
Jan 14 20:18:10 cu-cs-vm ntpd[1263]: Listen and drop on 0 v4wildcard 0.0.0.0 UDP 123
Jan 14 20:18:10 cu-cs-vm ntpd[1263]: Listen and drop on 1 v6wildcard :: UDP 123
Jan 14 20:18:10 cu-cs-vm ntpd[1263]: Listen normally on 2 lo 127.0.0.1 UDP 123
Jan 14 20:18:10 cu-cs-vm ntpd[1263]: Listen normally on 3 eth0 10.0.2.15 UDP 123
Jan 14 20:18:10 cu-cs-vm ntpd[1263]: Listen normally on 4 lo ::1 UDP 123
Jan 14 20:18:10 cu-cs-vm ntpd[1263]: peers refreshed
Jan 14 20:18:10 cu-cs-vm ntpd[1263]: Listening on routing socket on fd #21 for interface updates
Jan 14 20:18:10 cu-cs-vm ntpd[1263]: Deferring DNS for 0.ubuntu.pool.ntp.org 1
Jan 14 20:18:10 cu-cs-vm ntpd[1263]: Deferring DNS for 1.ubuntu.pool.ntp.org 1
Jan 14 20:18:10 cu-cs-vm ntpd[1263]: Deferring DNS for 2.ubuntu.pool.ntp.org 1
Jan 14 20:18:10 cu-cs-vm ntpd[1263]: Deferring DNS for 3.ubuntu.pool.ntp.org 1
Jan 14 20:18:10 cu-cs-vm ntpd[1263]: Deferring DNS for ntp.ubuntu.com 1
Jan 14 20:18:10 cu-cs-vm ntpd[1265]: signal_no_reset: signal 17 had flags 4000000
Jan 14 20:18:10 cu-cs-vm NetworkManager[709]: <info> (eth0): device state change: ip-config -> secondaries (reason 'none') [70 90 0]
Jan 14 20:18:10 cu-cs-vm NetworkManager[709]: <info> Activation (eth0) Stage 5 of 5 (IPv4 Commit) complete.
Jan 14 20:18:10 cu-cs-vm NetworkManager[709]: <info> (eth0): device state change: secondaries -> activated (reason 'none') [90 100 0]
Jan 14 20:18:10 cu-cs-vm NetworkManager[709]: <info> NetworkManager state is now CONNECTED_GLOBAL
Jan 14 20:18:10 cu-cs-vm NetworkManager[709]: <info> Policy set 'Wired connection 1' (eth0) as default for IPv4 routing and DNS.
Jan 14 20:18:10 cu-cs-vm whoopsie[1008]: offline
Jan 14 20:18:10 cu-cs-vm NetworkManager[709]: <info> DNS: starting dnsmasq...
Jan 14 20:18:10 cu-cs-vm NetworkManager[709]: <warn> dnsmasq not available on the bus, can't update servers.
Jan 14 20:18:10 cu-cs-vm NetworkManager[709]: <error> [1421291890.131448] [nm-dns-dnsmasq.c:396] update(): dnsmasq owner not found on bus: Could not get owner of name 'org.freedesktop.NetworkManager.dnsmasq': no such name
Jan 14 20:18:10 cu-cs-vm NetworkManager[709]: <warn> DNS: plugin dnsmasq update failed
Jan 14 20:18:10 cu-cs-vm NetworkManager[709]: <info> Writing DNS information to /sbin/resolvconf
Jan 14 20:18:10 cu-cs-vm dnsmasq[1275]: started, version 2.68 cache disabled
Jan 14 20:18:10 cu-cs-vm dnsmasq[1275]: compile time options: IPv6 GNU-getopt DBus i18n IDN DHCP DHCPv6 no-Lua TFTP conntrack ipset auth
Jan 14 20:18:10 cu-cs-vm dnsmasq[1275]: DBus support enabled: connected to system bus
Jan 14 20:18:10 cu-cs-vm dnsmasq[1275]: warning: no upstream servers configured
Jan 14 20:18:10 cu-cs-vm NetworkManager[709]: <info> Activation (eth0) successful, device activated.
Jan 14 20:18:10 cu-cs-vm dbus[484]: [system] Activating service name='org.freedesktop.nm_dispatcher' (using servicehelper)
Jan 14 20:18:10 cu-cs-vm NetworkManager[709]: <warn> dnsmasq appeared on DBus: :1.17
Jan 14 20:18:10 cu-cs-vm NetworkManager[709]: <info> Writing DNS information to /sbin/resolvconf
Jan 14 20:18:10 cu-cs-vm dnsmasq[1275]: setting upstream servers from DBus
Jan 14 20:18:10 cu-cs-vm dnsmasq[1275]: using nameserver 128.138.129.76#53
Jan 14 20:18:10 cu-cs-vm dnsmasq[1275]: using nameserver 128.138.240.1#53
Jan 14 20:18:10 cu-cs-vm dnsmasq[1275]: using nameserver 128.138.130.30#53
Jan 14 20:18:10 cu-cs-vm dbus[484]: [system] Successfully activated service 'org.freedesktop.nm_dispatcher'
Jan 14 20:18:10 cu-cs-vm ntpd[1263]: ntpd exiting on signal 15
Jan 14 20:18:10 cu-cs-vm avahi-daemon[640]: Joining mDNS multicast group on interface eth0.IPv6 with address fe80::a00:27ff:fe1e:a801.
Jan 14 20:18:10 cu-cs-vm avahi-daemon[640]: New relevant interface eth0.IPv6 for mDNS.
Jan 14 20:18:10 cu-cs-vm avahi-daemon[640]: Registering new address record for fe80::a00:27ff:fe1e:a801 on eth0.*.
Jan 14 20:18:10 cu-cs-vm ModemManager[609]: <warn>  Couldn't find support for device at '/sys/devices/pci0000:00/0000:00:03.0': not supported by any plugin
Jan 14 20:18:10 cu-cs-vm whoopsie[1008]: offline
Jan 14 20:18:10 cu-cs-vm whoopsie[1008]: online
Jan 14 20:18:10 cu-cs-vm kernel: [    6.134456] init: plymouth-upstart-bridge main process ended, respawning
Jan 14 20:18:11 cu-cs-vm ntpd_intres[1124]: parent died before we finished, exiting
Jan 14 20:18:12 cu-cs-vm ntpd_intres[1265]: parent died before we finished, exiting
Jan 14 20:18:12 cu-cs-vm dbus[484]: [system] Activating service name='org.freedesktop.UPower' (using servicehelper)
Jan 14 20:18:12 cu-cs-vm dbus[484]: [system] Successfully activated service 'org.freedesktop.UPower'
Jan 14 20:18:12 cu-cs-vm dbus[484]: [system] Activating service name='org.freedesktop.RealtimeKit1' (using servicehelper)
Jan 14 20:18:12 cu-cs-vm vmusr[1699]: [ warning] [vmusr] Error creating backup of old config file.
Jan 14 20:18:12 cu-cs-vm vmusr[1699]: [ warning] [GLib-GObject] Attempt to add property ToolsCoreService::tcs-app-ctx after class was initialised
Jan 14 20:18:12 cu-cs-vm vmusr[1699]: [ warning] [GLib-GObject] Attempt to add property ToolsCoreService::tcs-prop-thread-pool after class was initialised
Jan 14 20:18:12 cu-cs-vm vmusr[1699]: [ warning] [vmtoolsd] The vmusr service needs to run inside a virtual machine.
Jan 14 20:18:12 cu-cs-vm dbus[484]: [system] Successfully activated service 'org.freedesktop.RealtimeKit1'
Jan 14 20:18:12 cu-cs-vm rtkit-daemon[1710]: Successfully called chroot.
Jan 14 20:18:12 cu-cs-vm rtkit-daemon[1710]: Successfully dropped privileges.
Jan 14 20:18:12 cu-cs-vm rtkit-daemon[1710]: Successfully limited resources.
Jan 14 20:18:12 cu-cs-vm rtkit-daemon[1710]: Running.
Jan 14 20:18:12 cu-cs-vm rtkit-daemon[1710]: Watchdog thread running.
Jan 14 20:18:12 cu-cs-vm rtkit-daemon[1710]: Canary thread running.
Jan 14 20:18:12 cu-cs-vm vmusr[1699]: [ warning] [vmtoolsd] Plugin path is not a directory: /usr/lib/open-vm-tools/plugins/vmusr
Jan 14 20:18:13 cu-cs-vm anacron[1765]: Anacron 2.3 started on 2015-01-14
Jan 14 20:18:13 cu-cs-vm anacron[1765]: Normal exit (0 jobs run)
Jan 14 20:18:13 cu-cs-vm rtkit-daemon[1710]: Successfully made thread 1708 of process 1708 (n/a) owned by '1000' high priority at nice level -11.
Jan 14 20:18:13 cu-cs-vm rtkit-daemon[1710]: Supervising 1 threads of 1 processes of 1 users.
Jan 14 20:18:14 cu-cs-vm pulseaudio[1708]: [pulseaudio] alsa-util.c: Disabling timer-based scheduling because running inside a VM.
Jan 14 20:18:14 cu-cs-vm rtkit-daemon[1710]: Successfully made thread 1849 of process 1708 (n/a) owned by '1000' RT at priority 5.
Jan 14 20:18:14 cu-cs-vm rtkit-daemon[1710]: Supervising 2 threads of 1 processes of 1 users.
Jan 14 20:18:14 cu-cs-vm rtkit-daemon[1710]: Successfully made thread 1850 of process 1708 (n/a) owned by '1000' RT at priority 5.
Jan 14 20:18:14 cu-cs-vm rtkit-daemon[1710]: Supervising 3 threads of 1 processes of 1 users.
Jan 14 20:18:14 cu-cs-vm rtkit-daemon[1710]: Successfully made thread 1853 of process 1853 (n/a) owned by '1000' high priority at nice level -11.
Jan 14 20:18:14 cu-cs-vm rtkit-daemon[1710]: Supervising 4 threads of 2 processes of 1 users.
Jan 14 20:18:14 cu-cs-vm pulseaudio[1853]: [pulseaudio] pid.c: Daemon already running.
Jan 14 20:18:14 cu-cs-vm pulseaudio[1708]: [pulseaudio] alsa-util.c: Disabling timer-based scheduling because running inside a VM.
Jan 14 20:18:15 cu-cs-vm pulseaudio[1708]: [alsa-source-Intel ICH] alsa-source.c: ALSA woke us up to read new data from the device, but there was actually nothing to read!
Jan 14 20:18:15 cu-cs-vm pulseaudio[1708]: [alsa-source-Intel ICH] alsa-source.c: Most likely this is a bug in the ALSA driver 'snd_intel8x0'. Please report this issue to the ALSA developers.
Jan 14 20:18:15 cu-cs-vm pulseaudio[1708]: [alsa-source-Intel ICH] alsa-source.c: We were woken up with POLLIN set -- however a subsequent snd_pcm_avail() returned 0 or another value < min_avail.
Jan 14 20:18:18 cu-cs-vm dbus[484]: [system] Activating service name='org.blueman.Mechanism' (using servicehelper)
Jan 14 20:18:18 cu-cs-vm blueman-mechanism: Starting blueman-mechanism 
Jan 14 20:18:18 cu-cs-vm dbus[484]: [system] Successfully activated service 'org.blueman.Mechanism'
Jan 14 20:18:18 cu-cs-vm blueman-mechanism: loading Config 
Jan 14 20:18:18 cu-cs-vm blueman-mechanism: loading Network 
Jan 14 20:18:18 cu-cs-vm blueman-mechanism: loading Ppp 
Jan 14 20:18:18 cu-cs-vm blueman-mechanism: loading RfKill 
Jan 14 20:18:19 cu-cs-vm dbus[484]: [system] Activating service name='org.freedesktop.UDisks2' (using servicehelper)
Jan 14 20:18:19 cu-cs-vm udisksd[1978]: udisks daemon version 2.1.3 starting
Jan 14 20:18:19 cu-cs-vm dbus[484]: [system] Successfully activated service 'org.freedesktop.UDisks2'
Jan 14 20:18:19 cu-cs-vm udisksd[1978]: Acquired the name org.freedesktop.UDisks2 on the system message bus
Jan 14 20:18:19 cu-cs-vm NetworkManager[709]: <info> WiFi hardware radio set enabled
Jan 14 20:18:19 cu-cs-vm ntpdate[1432]: step time server 132.163.4.101 offset -0.807592 sec
Jan 14 20:18:19 cu-cs-vm ntpd[2102]: ntpd 4.2.6p5@1.2349-o Sat Dec 20 11:47:14 UTC 2014 (1)
Jan 14 20:18:19 cu-cs-vm ntpd[2103]: proto: precision = 3.143 usec
Jan 14 20:18:19 cu-cs-vm ntpd[2103]: ntp_io: estimated max descriptors: 1024, initial socket boundary: 16
Jan 14 20:18:19 cu-cs-vm ntpd[2103]: Listen and drop on 0 v4wildcard 0.0.0.0 UDP 123
Jan 14 20:18:19 cu-cs-vm ntpd[2103]: Listen and drop on 1 v6wildcard :: UDP 123
Jan 14 20:18:19 cu-cs-vm ntpd[2103]: Listen normally on 2 lo 127.0.0.1 UDP 123
Jan 14 20:18:19 cu-cs-vm ntpd[2103]: Listen normally on 3 eth0 10.0.2.15 UDP 123
Jan 14 20:18:19 cu-cs-vm ntpd[2103]: Listen normally on 4 lo ::1 UDP 123
Jan 14 20:18:19 cu-cs-vm ntpd[2103]: Listen normally on 5 eth0 fe80::a00:27ff:fe1e:a801 UDP 123
Jan 14 20:18:19 cu-cs-vm ntpd[2103]: peers refreshed
Jan 14 20:18:19 cu-cs-vm ntpd[2103]: Listening on routing socket on fd #22 for interface updates
Jan 14 20:18:28 cu-cs-vm NetworkManager[709]: <info> (eth0): IP6 addrconf timed out or failed.
Jan 14 20:18:28 cu-cs-vm NetworkManager[709]: <info> Activation (eth0) Stage 4 of 5 (IPv6 Configure Timeout) scheduled...
Jan 14 20:18:28 cu-cs-vm NetworkManager[709]: <info> Activation (eth0) Stage 4 of 5 (IPv6 Configure Timeout) started...
Jan 14 20:18:28 cu-cs-vm NetworkManager[709]: <info> Activation (eth0) Stage 4 of 5 (IPv6 Configure Timeout) complete.
Jan 14 20:18:38 cu-cs-vm kernel: [   34.109849] audit_printk_skb: 135 callbacks suppressed
Jan 14 20:18:38 cu-cs-vm kernel: [   34.109857] type=1400 audit(1421291918.086:56): apparmor="STATUS" operation="profile_replace" profile="unconfined" name="/usr/lib/cups/backend/cups-pdf" pid=2192 comm="apparmor_parser"
Jan 14 20:18:38 cu-cs-vm kernel: [   34.109870] type=1400 audit(1421291918.086:57): apparmor="STATUS" operation="profile_replace" profile="unconfined" name="/usr/sbin/cupsd" pid=2192 comm="apparmor_parser"
Jan 14 20:18:38 cu-cs-vm kernel: [   34.110294] type=1400 audit(1421291918.086:58): apparmor="STATUS" operation="profile_replace" profile="unconfined" name="/usr/sbin/cupsd" pid=2192 comm="apparmor_parser"
Jan 14 20:18:47 cu-cs-vm blueman-mechanism: Exiting 
Jan 14 20:22:14 cu-cs-vm kernel: [  250.441608] SGI XFS with ACLs, security attributes, realtime, large block/inode numbers, no debug enabled
Jan 14 20:22:14 cu-cs-vm kernel: [  250.481135] JFS: nTxBlock = 8192, nTxLock = 65536
Jan 14 20:22:14 cu-cs-vm kernel: [  250.512569] NTFS driver 2.1.30 [Flags: R/O MODULE].
Jan 14 20:22:14 cu-cs-vm kernel: [  250.588139] QNX4 filesystem 0.2.3 registered.
Jan 14 20:22:17 cu-cs-vm rsyslogd: [origin software="rsyslogd" swVersion="7.4.4" x-pid="466" x-info="http://www.rsyslog.com"] exiting on signal 15.
Jan 14 20:22:42 cu-cs-vm rsyslogd: [origin software="rsyslogd" swVersion="7.4.4" x-pid="462" x-info="http://www.rsyslog.com"] start
Jan 14 20:22:42 cu-cs-vm rsyslogd: rsyslogd's groupid changed to 104
Jan 14 20:22:42 cu-cs-vm rsyslogd: rsyslogd's userid changed to 101
Jan 14 20:22:42 cu-cs-vm kernel: [    0.000000] Initializing cgroup subsys cpuset
Jan 14 20:22:42 cu-cs-vm kernel: [    0.000000] Initializing cgroup subsys cpu
Jan 14 20:22:42 cu-cs-vm kernel: [    0.000000] Initializing cgroup subsys cpuacct
Jan 14 20:22:42 cu-cs-vm kernel: [    0.000000] Linux version 3.13.11-ckt12man-cleavage (root@cu-cs-vm) (gcc version 4.8.2 (Ubuntu 4.8.2-19ubuntu1) ) #1 SMP Wed Jan 14 20:02:16 MST 2015 (Ubuntu 3.13.0-44.73-generic 3.13.11-ckt12)
Jan 14 20:22:42 cu-cs-vm kernel: [    0.000000] Command line: BOOT_IMAGE=/@/boot/vmlinuz-3.13.11-ckt12man-cleavage root=UUID=4d4d4956-efb6-4c5c-9455-e11d9e4726c6 ro rootflags=subvol=@ crashkernel=384M-:128M
Jan 14 20:22:42 cu-cs-vm kernel: [    0.000000] KERNEL supported cpus:
Jan 14 20:22:42 cu-cs-vm kernel: [    0.000000]   Intel GenuineIntel
Jan 14 20:22:42 cu-cs-vm kernel: [    0.000000]   AMD AuthenticAMD
Jan 14 20:22:42 cu-cs-vm kernel: [    0.000000]   Centaur CentaurHauls
Jan 14 20:22:42 cu-cs-vm kernel: [    0.000000] e820: BIOS-provided physical RAM map:
Jan 14 20:22:42 cu-cs-vm kernel: [    0.000000] BIOS-e820: [mem 0x0000000000000000-0x000000000009fbff] usable
Jan 14 20:22:42 cu-cs-vm kernel: [    0.000000] BIOS-e820: [mem 0x000000000009fc00-0x000000000009ffff] reserved
Jan 14 20:22:42 cu-cs-vm kernel: [    0.000000] BIOS-e820: [mem 0x00000000000f0000-0x00000000000fffff] reserved
Jan 14 20:22:42 cu-cs-vm kernel: [    0.000000] BIOS-e820: [mem 0x0000000000100000-0x000000007ffeffff] usable
Jan 14 20:22:42 cu-cs-vm kernel: [    0.000000] BIOS-e820: [mem 0x000000007fff0000-0x000000007fffffff] ACPI data
Jan 14 20:22:42 cu-cs-vm kernel: [    0.000000] BIOS-e820: [mem 0x00000000fffc0000-0x00000000ffffffff] reserved
Jan 14 20:22:42 cu-cs-vm kernel: [    0.000000] NX (Execute Disable) protection: active
Jan 14 20:22:42 cu-cs-vm kernel: [    0.000000] SMBIOS 2.5 present.
Jan 14 20:22:42 cu-cs-vm kernel: [    0.000000] DMI: innotek GmbH VirtualBox/VirtualBox, BIOS VirtualBox 12/01/2006
Jan 14 20:22:42 cu-cs-vm kernel: [    0.000000] e820: update [mem 0x00000000-0x00000fff] usable ==> reserved
Jan 14 20:22:42 cu-cs-vm kernel: [    0.000000] e820: remove [mem 0x000a0000-0x000fffff] usable
Jan 14 20:22:42 cu-cs-vm kernel: [    0.000000] No AGP bridge found
Jan 14 20:22:42 cu-cs-vm kernel: [    0.000000] e820: last_pfn = 0x7fff0 max_arch_pfn = 0x400000000
Jan 14 20:22:42 cu-cs-vm kernel: [    0.000000] MTRR default type: uncachable
Jan 14 20:22:42 cu-cs-vm kernel: [    0.000000] MTRR variable ranges disabled:
Jan 14 20:22:42 cu-cs-vm kernel: [    0.000000] x86 PAT enabled: cpu 0, old 0x7040600070406, new 0x7010600070106
Jan 14 20:22:42 cu-cs-vm kernel: [    0.000000] CPU MTRRs all blank - virtualized system.
Jan 14 20:22:42 cu-cs-vm kernel: [    0.000000] found SMP MP-table at [mem 0x0009fff0-0x0009ffff] mapped at [ffff88000009fff0]
Jan 14 20:22:42 cu-cs-vm kernel: [    0.000000] Scanning 1 areas for low memory corruption
Jan 14 20:22:42 cu-cs-vm kernel: [    0.000000] Base memory trampoline at [ffff880000099000] 99000 size 24576
Jan 14 20:22:42 cu-cs-vm kernel: [    0.000000] init_memory_mapping: [mem 0x00000000-0x000fffff]
Jan 14 20:22:42 cu-cs-vm kernel: [    0.000000]  [mem 0x00000000-0x000fffff] page 4k
Jan 14 20:22:42 cu-cs-vm kernel: [    0.000000] BRK [0x01fdb000, 0x01fdbfff] PGTABLE
Jan 14 20:22:42 cu-cs-vm kernel: [    0.000000] BRK [0x01fdc000, 0x01fdcfff] PGTABLE
Jan 14 20:22:42 cu-cs-vm kernel: [    0.000000] BRK [0x01fdd000, 0x01fddfff] PGTABLE
Jan 14 20:22:42 cu-cs-vm kernel: [    0.000000] init_memory_mapping: [mem 0x7fc00000-0x7fdfffff]
Jan 14 20:22:42 cu-cs-vm kernel: [    0.000000]  [mem 0x7fc00000-0x7fdfffff] page 2M
Jan 14 20:22:42 cu-cs-vm kernel: [    0.000000] BRK [0x01fde000, 0x01fdefff] PGTABLE
Jan 14 20:22:42 cu-cs-vm kernel: [    0.000000] init_memory_mapping: [mem 0x7c000000-0x7fbfffff]
Jan 14 20:22:42 cu-cs-vm kernel: [    0.000000]  [mem 0x7c000000-0x7fbfffff] page 2M
Jan 14 20:22:42 cu-cs-vm kernel: [    0.000000] init_memory_mapping: [mem 0x00100000-0x7bffffff]
Jan 14 20:22:42 cu-cs-vm kernel: [    0.000000]  [mem 0x00100000-0x001fffff] page 4k
Jan 14 20:22:42 cu-cs-vm kernel: [    0.000000]  [mem 0x00200000-0x7bffffff] page 2M
Jan 14 20:22:42 cu-cs-vm kernel: [    0.000000] init_memory_mapping: [mem 0x7fe00000-0x7ffeffff]
Jan 14 20:22:42 cu-cs-vm kernel: [    0.000000]  [mem 0x7fe00000-0x7ffeffff] page 4k
Jan 14 20:22:42 cu-cs-vm kernel: [    0.000000] BRK [0x01fdf000, 0x01fdffff] PGTABLE
Jan 14 20:22:42 cu-cs-vm kernel: [    0.000000] RAMDISK: [mem 0x35b92000-0x36dc0fff]
Jan 14 20:22:42 cu-cs-vm kernel: [    0.000000] ACPI: RSDP 00000000000e0000 000024 (v02 VBOX  )
Jan 14 20:22:42 cu-cs-vm kernel: [    0.000000] ACPI: XSDT 000000007fff0040 00004C (v01 VBOX   VBOXXSDT 00000001 ASL  00000061)
Jan 14 20:22:42 cu-cs-vm kernel: [    0.000000] ACPI: FACP 000000007fff0110 0000F4 (v04 VBOX   VBOXFACP 00000001 ASL  00000061)
Jan 14 20:22:42 cu-cs-vm kernel: [    0.000000] ACPI: DSDT 000000007fff0530 001B96 (v01 VBOX   VBOXBIOS 00000002 INTL 20100528)
Jan 14 20:22:42 cu-cs-vm kernel: [    0.000000] ACPI: FACS 000000007fff0240 000040
Jan 14 20:22:42 cu-cs-vm kernel: [    0.000000] ACPI: APIC 000000007fff0280 00005C (v02 VBOX   VBOXAPIC 00000001 ASL  00000061)
Jan 14 20:22:42 cu-cs-vm kernel: [    0.000000] ACPI: HPET 000000007fff02e0 000038 (v01 VBOX   VBOXHPET 00000001 ASL  00000061)
Jan 14 20:22:42 cu-cs-vm kernel: [    0.000000] ACPI: MCFG 000000007fff0320 00003C (v01 VBOX   VBOXMCFG 00000001 ASL  00000061)
Jan 14 20:22:42 cu-cs-vm kernel: [    0.000000] ACPI: SSDT 000000007fff0360 0001CC (v01 VBOX   VBOXCPUT 00000002 INTL 20100528)
Jan 14 20:22:42 cu-cs-vm kernel: [    0.000000] ACPI: Local APIC address 0xfee00000
Jan 14 20:22:42 cu-cs-vm kernel: [    0.000000] No NUMA configuration found
Jan 14 20:22:42 cu-cs-vm kernel: [    0.000000] Faking a node at [mem 0x0000000000000000-0x000000007ffeffff]
Jan 14 20:22:42 cu-cs-vm kernel: [    0.000000] Initmem setup node 0 [mem 0x00000000-0x7ffeffff]
Jan 14 20:22:42 cu-cs-vm kernel: [    0.000000]   NODE_DATA [mem 0x7ffeb000-0x7ffeffff]
Jan 14 20:22:42 cu-cs-vm kernel: [    0.000000] Reserving 128MB of memory at 720MB for crashkernel (System RAM: 2047MB)
Jan 14 20:22:42 cu-cs-vm kernel: [    0.000000]  [ffffea0000000000-ffffea0001ffffff] PMD -> [ffff88007d600000-ffff88007f5fffff] on node 0
Jan 14 20:22:42 cu-cs-vm kernel: [    0.000000] Zone ranges:
Jan 14 20:22:42 cu-cs-vm kernel: [    0.000000]   DMA      [mem 0x00001000-0x00ffffff]
Jan 14 20:22:42 cu-cs-vm kernel: [    0.000000]   DMA32    [mem 0x01000000-0xffffffff]
Jan 14 20:22:42 cu-cs-vm kernel: [    0.000000]   Normal   empty
Jan 14 20:22:42 cu-cs-vm kernel: [    0.000000] Movable zone start for each node
Jan 14 20:22:42 cu-cs-vm kernel: [    0.000000] Early memory node ranges
Jan 14 20:22:42 cu-cs-vm kernel: [    0.000000]   node   0: [mem 0x00001000-0x0009efff]
Jan 14 20:22:42 cu-cs-vm kernel: [    0.000000]   node   0: [mem 0x00100000-0x7ffeffff]
Jan 14 20:22:42 cu-cs-vm kernel: [    0.000000] On node 0 totalpages: 524174
Jan 14 20:22:42 cu-cs-vm kernel: [    0.000000]   DMA zone: 64 pages used for memmap
Jan 14 20:22:42 cu-cs-vm kernel: [    0.000000]   DMA zone: 21 pages reserved
Jan 14 20:22:42 cu-cs-vm kernel: [    0.000000]   DMA zone: 3998 pages, LIFO batch:0
Jan 14 20:22:42 cu-cs-vm kernel: [    0.000000]   DMA32 zone: 8128 pages used for memmap
Jan 14 20:22:42 cu-cs-vm kernel: [    0.000000]   DMA32 zone: 520176 pages, LIFO batch:31
Jan 14 20:22:42 cu-cs-vm kernel: [    0.000000] ACPI: PM-Timer IO Port: 0x4008
Jan 14 20:22:42 cu-cs-vm kernel: [    0.000000] ACPI: Local APIC address 0xfee00000
Jan 14 20:22:42 cu-cs-vm kernel: [    0.000000] ACPI: LAPIC (acpi_id[0x00] lapic_id[0x00] enabled)
Jan 14 20:22:42 cu-cs-vm kernel: [    0.000000] ACPI: LAPIC (acpi_id[0x01] lapic_id[0x01] enabled)
Jan 14 20:22:42 cu-cs-vm kernel: [    0.000000] ACPI: IOAPIC (id[0x02] address[0xfec00000] gsi_base[0])
Jan 14 20:22:42 cu-cs-vm kernel: [    0.000000] IOAPIC[0]: apic_id 2, version 17, address 0xfec00000, GSI 0-23
Jan 14 20:22:42 cu-cs-vm kernel: [    0.000000] ACPI: INT_SRC_OVR (bus 0 bus_irq 0 global_irq 2 dfl dfl)
Jan 14 20:22:42 cu-cs-vm kernel: [    0.000000] ACPI: INT_SRC_OVR (bus 0 bus_irq 9 global_irq 9 high level)
Jan 14 20:22:42 cu-cs-vm kernel: [    0.000000] ACPI: IRQ0 used by override.
Jan 14 20:22:42 cu-cs-vm kernel: [    0.000000] ACPI: IRQ2 used by override.
Jan 14 20:22:42 cu-cs-vm kernel: [    0.000000] ACPI: IRQ9 used by override.
Jan 14 20:22:42 cu-cs-vm kernel: [    0.000000] Using ACPI (MADT) for SMP configuration information
Jan 14 20:22:42 cu-cs-vm kernel: [    0.000000] ACPI: HPET id: 0x8086a201 base: 0xfed00000
Jan 14 20:22:42 cu-cs-vm kernel: [    0.000000] smpboot: Allowing 2 CPUs, 0 hotplug CPUs
Jan 14 20:22:42 cu-cs-vm kernel: [    0.000000] nr_irqs_gsi: 40
Jan 14 20:22:42 cu-cs-vm kernel: [    0.000000] PM: Registered nosave memory: [mem 0x0009f000-0x0009ffff]
Jan 14 20:22:42 cu-cs-vm kernel: [    0.000000] PM: Registered nosave memory: [mem 0x000a0000-0x000effff]
Jan 14 20:22:42 cu-cs-vm kernel: [    0.000000] PM: Registered nosave memory: [mem 0x000f0000-0x000fffff]
Jan 14 20:22:42 cu-cs-vm kernel: [    0.000000] e820: [mem 0x80000000-0xfffbffff] available for PCI devices
Jan 14 20:22:42 cu-cs-vm kernel: [    0.000000] Booting paravirtualized kernel on bare hardware
Jan 14 20:22:42 cu-cs-vm kernel: [    0.000000] setup_percpu: NR_CPUS:256 nr_cpumask_bits:256 nr_cpu_ids:2 nr_node_ids:1
Jan 14 20:22:42 cu-cs-vm kernel: [    0.000000] PERCPU: Embedded 28 pages/cpu @ffff88007fc00000 s82240 r8192 d24256 u1048576
Jan 14 20:22:42 cu-cs-vm kernel: [    0.000000] pcpu-alloc: s82240 r8192 d24256 u1048576 alloc=1*2097152
Jan 14 20:22:42 cu-cs-vm kernel: [    0.000000] pcpu-alloc: [0] 0 1 
Jan 14 20:22:42 cu-cs-vm kernel: [    0.000000] Built 1 zonelists in Node order, mobility grouping on.  Total pages: 515961
Jan 14 20:22:42 cu-cs-vm kernel: [    0.000000] Policy zone: DMA32
Jan 14 20:22:42 cu-cs-vm kernel: [    0.000000] Kernel command line: BOOT_IMAGE=/@/boot/vmlinuz-3.13.11-ckt12man-cleavage root=UUID=4d4d4956-efb6-4c5c-9455-e11d9e4726c6 ro rootflags=subvol=@ crashkernel=384M-:128M
Jan 14 20:22:42 cu-cs-vm kernel: [    0.000000] PID hash table entries: 4096 (order: 3, 32768 bytes)
Jan 14 20:22:42 cu-cs-vm kernel: [    0.000000] Checking aperture...
Jan 14 20:22:42 cu-cs-vm kernel: [    0.000000] No AGP bridge found
Jan 14 20:22:42 cu-cs-vm kernel: [    0.000000] Calgary: detecting Calgary via BIOS EBDA area
Jan 14 20:22:42 cu-cs-vm kernel: [    0.000000] Calgary: Unable to locate Rio Grande table in EBDA - bailing!
Jan 14 20:22:42 cu-cs-vm kernel: [    0.000000] Memory: 1897396K/2096696K available (7235K kernel code, 1129K rwdata, 3296K rodata, 1332K init, 1444K bss, 199300K reserved)
Jan 14 20:22:42 cu-cs-vm kernel: [    0.000000] SLUB: HWalign=64, Order=0-3, MinObjects=0, CPUs=2, Nodes=1
Jan 14 20:22:42 cu-cs-vm kernel: [    0.000000] Hierarchical RCU implementation.
Jan 14 20:22:42 cu-cs-vm kernel: [    0.000000] 	RCU dyntick-idle grace-period acceleration is enabled.
Jan 14 20:22:42 cu-cs-vm kernel: [    0.000000] 	RCU restricting CPUs from NR_CPUS=256 to nr_cpu_ids=2.
Jan 14 20:22:42 cu-cs-vm kernel: [    0.000000] 	Offload RCU callbacks from all CPUs
Jan 14 20:22:42 cu-cs-vm kernel: [    0.000000] 	Offload RCU callbacks from CPUs: 0-1.
Jan 14 20:22:42 cu-cs-vm kernel: [    0.000000] NR_IRQS:16640 nr_irqs:512 16
Jan 14 20:22:42 cu-cs-vm kernel: [    0.000000] Console: colour dummy device 80x25
Jan 14 20:22:42 cu-cs-vm kernel: [    0.000000] console [tty0] enabled
Jan 14 20:22:42 cu-cs-vm kernel: [    0.000000] allocated 8388608 bytes of page_cgroup
Jan 14 20:22:42 cu-cs-vm kernel: [    0.000000] please try 'cgroup_disable=memory' option if you don't want memory cgroups
Jan 14 20:22:42 cu-cs-vm kernel: [    0.000000] hpet clockevent registered
Jan 14 20:22:42 cu-cs-vm kernel: [    0.000000] tsc: Fast TSC calibration failed
Jan 14 20:22:42 cu-cs-vm kernel: [    0.000000] tsc: PIT calibration matches HPET. 1 loops
Jan 14 20:22:42 cu-cs-vm kernel: [    0.000000] tsc: Detected 2242.498 MHz processor
Jan 14 20:22:42 cu-cs-vm kernel: [    0.008006] Calibrating delay loop (skipped), value calculated using timer frequency.. 4484.99 BogoMIPS (lpj=8969992)
Jan 14 20:22:42 cu-cs-vm kernel: [    0.008011] pid_max: default: 32768 minimum: 301
Jan 14 20:22:42 cu-cs-vm kernel: [    0.008036] Security Framework initialized
Jan 14 20:22:42 cu-cs-vm kernel: [    0.008053] AppArmor: AppArmor initialized
Jan 14 20:22:42 cu-cs-vm kernel: [    0.008056] Yama: becoming mindful.
Jan 14 20:22:42 cu-cs-vm kernel: [    0.008345] Dentry cache hash table entries: 262144 (order: 9, 2097152 bytes)
Jan 14 20:22:42 cu-cs-vm kernel: [    0.008603] Inode-cache hash table entries: 131072 (order: 8, 1048576 bytes)
Jan 14 20:22:42 cu-cs-vm kernel: [    0.008711] Mount-cache hash table entries: 4096 (order: 3, 32768 bytes)
Jan 14 20:22:42 cu-cs-vm kernel: [    0.008717] Mountpoint-cache hash table entries: 4096 (order: 3, 32768 bytes)
Jan 14 20:22:42 cu-cs-vm kernel: [    0.008845] Initializing cgroup subsys memory
Jan 14 20:22:42 cu-cs-vm kernel: [    0.008851] Initializing cgroup subsys devices
Jan 14 20:22:42 cu-cs-vm kernel: [    0.008855] Initializing cgroup subsys freezer
Jan 14 20:22:42 cu-cs-vm kernel: [    0.008859] Initializing cgroup subsys blkio
Jan 14 20:22:42 cu-cs-vm kernel: [    0.008862] Initializing cgroup subsys perf_event
Jan 14 20:22:42 cu-cs-vm kernel: [    0.008866] Initializing cgroup subsys hugetlb
Jan 14 20:22:42 cu-cs-vm kernel: [    0.008957] CPU: Physical Processor ID: 0
Jan 14 20:22:42 cu-cs-vm kernel: [    0.008960] CPU: Processor Core ID: 0
Jan 14 20:22:42 cu-cs-vm kernel: [    0.008966] mce: CPU supports 0 MCE banks
Jan 14 20:22:42 cu-cs-vm kernel: [    0.008992] Last level iTLB entries: 4KB 0, 2MB 0, 4MB 0
Jan 14 20:22:42 cu-cs-vm kernel: [    0.008992] Last level dTLB entries: 4KB 64, 2MB 0, 4MB 0
Jan 14 20:22:42 cu-cs-vm kernel: [    0.008992] tlb_flushall_shift: 6
Jan 14 20:22:42 cu-cs-vm kernel: [    0.012041] Freeing SMP alternatives memory: 28K (ffffffff81e69000 - ffffffff81e70000)
Jan 14 20:22:42 cu-cs-vm kernel: [    0.020015] ACPI: Core revision 20131115
Jan 14 20:22:42 cu-cs-vm kernel: [    0.020610] ACPI: All ACPI Tables successfully acquired
Jan 14 20:22:42 cu-cs-vm kernel: [    0.020642] ftrace: allocating 27967 entries in 110 pages
Jan 14 20:22:42 cu-cs-vm kernel: [    0.032357] ..TIMER: vector=0x30 apic1=0 pin1=2 apic2=-1 pin2=-1
Jan 14 20:22:42 cu-cs-vm kernel: [    0.072171] smpboot: CPU0: Intel(R) Core(TM) i7-4700MQ CPU @ 2.40GHz (fam: 06, model: 3c, stepping: 03)
Jan 14 20:22:42 cu-cs-vm kernel: [    0.076000] APIC calibration not consistent with PM-Timer: 97ms instead of 100ms
Jan 14 20:22:42 cu-cs-vm kernel: [    0.076000] APIC delta adjusted to PM-Timer: 6252791 (6087822)
Jan 14 20:22:42 cu-cs-vm kernel: [    0.076000] Performance Events: unsupported p6 CPU model 60 no PMU driver, software events only.
Jan 14 20:22:42 cu-cs-vm kernel: [    0.076000] x86: Booting SMP configuration:
Jan 14 20:22:42 cu-cs-vm kernel: [    0.085058] NMI watchdog: disabled (cpu0): hardware events not enabled
Jan 14 20:22:42 cu-cs-vm kernel: [    0.076000] mce: CPU supports 0 MCE banks
Jan 14 20:22:42 cu-cs-vm kernel: [    0.076000] .... node  #0, CPUs:      #1
Jan 14 20:22:42 cu-cs-vm kernel: [    0.087319] TSC synchronization [CPU#0 -> CPU#1]:
Jan 14 20:22:42 cu-cs-vm kernel: [    0.087324] Measured 44593 cycles TSC warp between CPUs, turning off TSC clock.
Jan 14 20:22:42 cu-cs-vm kernel: [    0.087328] tsc: Marking TSC unstable due to check_tsc_sync_source failed
Jan 14 20:22:42 cu-cs-vm kernel: [    0.087383] x86: Booted up 1 node, 2 CPUs
Jan 14 20:22:42 cu-cs-vm kernel: [    0.087387] smpboot: Total of 2 processors activated (8969.99 BogoMIPS)
Jan 14 20:22:42 cu-cs-vm kernel: [    0.088079] devtmpfs: initialized
Jan 14 20:22:42 cu-cs-vm kernel: [    0.089190] EVM: security.selinux
Jan 14 20:22:42 cu-cs-vm kernel: [    0.089194] EVM: security.SMACK64
Jan 14 20:22:42 cu-cs-vm kernel: [    0.089198] EVM: security.ima
Jan 14 20:22:42 cu-cs-vm kernel: [    0.089201] EVM: security.capability
Jan 14 20:22:42 cu-cs-vm kernel: [    0.090008] pinctrl core: initialized pinctrl subsystem
Jan 14 20:22:42 cu-cs-vm kernel: [    0.090058] regulator-dummy: no parameters
Jan 14 20:22:42 cu-cs-vm kernel: [    0.090099] RTC time:  3:22:38, date: 01/15/15
Jan 14 20:22:42 cu-cs-vm kernel: [    0.090129] NET: Registered protocol family 16
Jan 14 20:22:42 cu-cs-vm kernel: [    0.090214] cpuidle: using governor ladder
Jan 14 20:22:42 cu-cs-vm kernel: [    0.090218] cpuidle: using governor menu
Jan 14 20:22:42 cu-cs-vm kernel: [    0.090244] ACPI: bus type PCI registered
Jan 14 20:22:42 cu-cs-vm kernel: [    0.090248] acpiphp: ACPI Hot Plug PCI Controller Driver version: 0.5
Jan 14 20:22:42 cu-cs-vm kernel: [    0.090325] PCI: MMCONFIG for domain 0000 [bus 00-3f] at [mem 0xdc000000-0xdfffffff] (base 0xdc000000)
Jan 14 20:22:42 cu-cs-vm kernel: [    0.090330] PCI: not using MMCONFIG
Jan 14 20:22:42 cu-cs-vm kernel: [    0.090333] PCI: Using configuration type 1 for base access
Jan 14 20:22:42 cu-cs-vm kernel: [    0.091174] bio: create slab <bio-0> at 0
Jan 14 20:22:42 cu-cs-vm kernel: [    0.091174] ACPI: Added _OSI(Module Device)
Jan 14 20:22:42 cu-cs-vm kernel: [    0.091174] ACPI: Added _OSI(Processor Device)
Jan 14 20:22:42 cu-cs-vm kernel: [    0.091174] ACPI: Added _OSI(3.0 _SCP Extensions)
Jan 14 20:22:42 cu-cs-vm kernel: [    0.091174] ACPI: Added _OSI(Processor Aggregator Device)
Jan 14 20:22:42 cu-cs-vm kernel: [    0.091174] ACPI: Executed 1 blocks of module-level executable AML code
Jan 14 20:22:42 cu-cs-vm kernel: [    0.091174] ACPI: Interpreter enabled
Jan 14 20:22:42 cu-cs-vm kernel: [    0.091174] ACPI Exception: AE_NOT_FOUND, While evaluating Sleep State [\_S1_] (20131115/hwxface-580)
